2026-10-01 22:06:01 CST ORCHESTRATOR_START
2026-10-01 22:06:01 CST STAGE_START e0
2026-10-01 22:06:01 CST LAUNCHED stage=e0 gpu=0 pid=35530
2026-10-01 22:06:01 CST LAUNCHED stage=e0 gpu=1 pid=35532
2026-10-02 12:30:30 CST QUEUE_EXIT stage=e0 pid=35530 code=0
2026-10-02 12:30:30 CST QUEUE_EXIT stage=e0 pid=35532 code=0
{
  "active": [],
  "counts": {
    "completed_reported": 150,
    "failed": 0,
    "incomplete_output": 0,
    "not_started": 0,
    "other": 0,
    "running_reported": 0
  },
  "data_disk_free_gb": 28.72,
  "gpu_count": 2,
  "note": "Statuses come from run_status.json; running may be stale and completed still needs formal audit",
  "stage_runs": 150,
  "stop_file_present": false
}
CHECK 150 {'completed_reported': 150, 'failed': 0, 'incomplete_output': 0, 'not_started': 0, 'other': 0, 'running_reported': 0}
2026-10-02 12:30:33 CST E0_COMPLETE; proceeding to E1
2026-10-02 12:30:33 CST STAGE_START e1
2026-10-02 12:30:33 CST LAUNCHED stage=e1 gpu=0 pid=238146
2026-10-02 12:30:33 CST LAUNCHED stage=e1 gpu=1 pid=238148
2026-10-03 01:36:44 CST QUEUE_EXIT stage=e1 pid=238146 code=0
2026-10-03 04:17:01 CST QUEUE_EXIT stage=e1 pid=238148 code=0
{
  "active": [],
  "counts": {
    "completed_reported": 270,
    "failed": 0,
    "incomplete_output": 0,
    "not_started": 0,
    "other": 0,
    "running_reported": 0
  },
  "data_disk_free_gb": 23.5,
  "gpu_count": 2,
  "note": "Statuses come from run_status.json; running may be stale and completed still needs formal audit",
  "stage_runs": 270,
  "stop_file_present": false
}
CHECK 270 {'completed_reported': 270, 'failed': 0, 'incomplete_output': 0, 'not_started': 0, 'other': 0, 'running_reported': 0}
2026-10-03 04:17:04 CST E0_AND_E1_COMPLETE
2026-10-03 04:17:04 CST ORCHESTRATOR_EXIT code=0
