nohup: ignoring input
{
  "assigned_runs": 75,
  "first_run_id": "jiim_ext_isic2019_split_01_seed_52_densenet121_A",
  "gpu_count": 2,
  "gpu_index": 1,
  "last_run_id": "jiim_ext_mura_split_05_seed_62_swin_t_A",
  "mode": "execute",
  "stage": "e0",
  "stage_runs": 150
}
[1/75] START gpu=1 jiim_ext_isic2019_split_01_seed_52_densenet121_A
/root/jiim-env/bin/python /root/autodl-tmp/CervicalCancerV2/research-lab/experiments/registered-workflow/extensions/jiim_2026_major_revision/train_extension_run.py --dataset isic2019 --model densenet121 --variant shared --split-file /root/autodl-tmp/CervicalCancerV2/research-lab/experiments/registered-workflow/extensions/jiim_2026_major_revision/formal_splits_v0.6/isic2019/split_01.csv --dataset-index /root/autodl-tmp/CervicalCancerV2/research-lab/experiments/registered-workflow/extensions/jiim_2026_major_revision/candidate_indices/final_objective_v0.6/isic2019_dataset_index.csv --run-id jiim_ext_isic2019_split_01_seed_52_densenet121_A --training-seed 52 --output-dir /root/autodl-tmp/CervicalCancerV2/research-lab/experiments/registered-workflow/extensions/jiim_2026_major_revision/runs/jiim_ext_isic2019_split_01_seed_52_densenet121_A --manifest /root/autodl-tmp/CervicalCancerV2/research-lab/experiments/registered-workflow/extensions/jiim_2026_major_revision/run_manifests/jiim_extension_300_v0.6.csv
[1/75] VERIFIED_NEW jiim_ext_isic2019_split_01_seed_52_densenet121_A
[2/75] START gpu=1 jiim_ext_isic2019_split_01_seed_42_efficientnet_b0_A
/root/jiim-env/bin/python /root/autodl-tmp/CervicalCancerV2/research-lab/experiments/registered-workflow/extensions/jiim_2026_major_revision/train_extension_run.py --dataset isic2019 --model efficientnet_b0 --variant shared --split-file /root/autodl-tmp/CervicalCancerV2/research-lab/experiments/registered-workflow/extensions/jiim_2026_major_revision/formal_splits_v0.6/isic2019/split_01.csv --dataset-index /root/autodl-tmp/CervicalCancerV2/research-lab/experiments/registered-workflow/extensions/jiim_2026_major_revision/candidate_indices/final_objective_v0.6/isic2019_dataset_index.csv --run-id jiim_ext_isic2019_split_01_seed_42_efficientnet_b0_A --training-seed 42 --output-dir /root/autodl-tmp/CervicalCancerV2/research-lab/experiments/registered-workflow/extensions/jiim_2026_major_revision/runs/jiim_ext_isic2019_split_01_seed_42_efficientnet_b0_A --manifest /root/autodl-tmp/CervicalCancerV2/research-lab/experiments/registered-workflow/extensions/jiim_2026_major_revision/run_manifests/jiim_extension_300_v0.6.csv
[2/75] VERIFIED_NEW jiim_ext_isic2019_split_01_seed_42_efficientnet_b0_A
[3/75] START gpu=1 jiim_ext_isic2019_split_01_seed_62_efficientnet_b0_A
/root/jiim-env/bin/python /root/autodl-tmp/CervicalCancerV2/research-lab/experiments/registered-workflow/extensions/jiim_2026_major_revision/train_extension_run.py --dataset isic2019 --model efficientnet_b0 --variant shared --split-file /root/autodl-tmp/CervicalCancerV2/research-lab/experiments/registered-workflow/extensions/jiim_2026_major_revision/formal_splits_v0.6/isic2019/split_01.csv --dataset-index /root/autodl-tmp/CervicalCancerV2/research-lab/experiments/registered-workflow/extensions/jiim_2026_major_revision/candidate_indices/final_objective_v0.6/isic2019_dataset_index.csv --run-id jiim_ext_isic2019_split_01_seed_62_efficientnet_b0_A --training-seed 62 --output-dir /root/autodl-tmp/CervicalCancerV2/research-lab/experiments/registered-workflow/extensions/jiim_2026_major_revision/runs/jiim_ext_isic2019_split_01_seed_62_efficientnet_b0_A --manifest /root/autodl-tmp/CervicalCancerV2/research-lab/experiments/registered-workflow/extensions/jiim_2026_major_revision/run_manifests/jiim_extension_300_v0.6.csv
[3/75] VERIFIED_NEW jiim_ext_isic2019_split_01_seed_62_efficientnet_b0_A
[4/75] VERIFIED_EXISTING jiim_ext_isic2019_split_01_seed_52_resnet18_A
[5/75] START gpu=1 jiim_ext_isic2019_split_01_seed_42_resnet50_A
/root/jiim-env/bin/python /root/autodl-tmp/CervicalCancerV2/research-lab/experiments/registered-workflow/extensions/jiim_2026_major_revision/train_extension_run.py --dataset isic2019 --model resnet50 --variant shared --split-file /root/autodl-tmp/CervicalCancerV2/research-lab/experiments/registered-workflow/extensions/jiim_2026_major_revision/formal_splits_v0.6/isic2019/split_01.csv --dataset-index /root/autodl-tmp/CervicalCancerV2/research-lab/experiments/registered-workflow/extensions/jiim_2026_major_revision/candidate_indices/final_objective_v0.6/isic2019_dataset_index.csv --run-id jiim_ext_isic2019_split_01_seed_42_resnet50_A --training-seed 42 --output-dir /root/autodl-tmp/CervicalCancerV2/research-lab/experiments/registered-workflow/extensions/jiim_2026_major_revision/runs/jiim_ext_isic2019_split_01_seed_42_resnet50_A --manifest /root/autodl-tmp/CervicalCancerV2/research-lab/experiments/registered-workflow/extensions/jiim_2026_major_revision/run_manifests/jiim_extension_300_v0.6.csv
[5/75] VERIFIED_NEW jiim_ext_isic2019_split_01_seed_42_resnet50_A
[6/75] START gpu=1 jiim_ext_isic2019_split_01_seed_62_resnet50_A
/root/jiim-env/bin/python /root/autodl-tmp/CervicalCancerV2/research-lab/experiments/registered-workflow/extensions/jiim_2026_major_revision/train_extension_run.py --dataset isic2019 --model resnet50 --variant shared --split-file /root/autodl-tmp/CervicalCancerV2/research-lab/experiments/registered-workflow/extensions/jiim_2026_major_revision/formal_splits_v0.6/isic2019/split_01.csv --dataset-index /root/autodl-tmp/CervicalCancerV2/research-lab/experiments/registered-workflow/extensions/jiim_2026_major_revision/candidate_indices/final_objective_v0.6/isic2019_dataset_index.csv --run-id jiim_ext_isic2019_split_01_seed_62_resnet50_A --training-seed 62 --output-dir /root/autodl-tmp/CervicalCancerV2/research-lab/experiments/registered-workflow/extensions/jiim_2026_major_revision/runs/jiim_ext_isic2019_split_01_seed_62_resnet50_A --manifest /root/autodl-tmp/CervicalCancerV2/research-lab/experiments/registered-workflow/extensions/jiim_2026_major_revision/run_manifests/jiim_extension_300_v0.6.csv
[6/75] VERIFIED_NEW jiim_ext_isic2019_split_01_seed_62_resnet50_A
[6/75] BATCH_LIMIT_REACHED new_runs=5
nohup: ignoring input
{
  "assigned_runs": 75,
  "first_run_id": "jiim_ext_isic2019_split_01_seed_52_densenet121_A",
  "gpu_count": 2,
  "gpu_index": 1,
  "last_run_id": "jiim_ext_mura_split_05_seed_62_swin_t_A",
  "mode": "execute",
  "stage": "e0",
  "stage_runs": 150
}
Traceback (most recent call last):
  File "/root/autodl-tmp/CervicalCancerV2/research-lab/experiments/registered-workflow/extensions/jiim_2026_major_revision/run_manifest_queue.py", line 178, in <module>
    main()
  File "/root/autodl-tmp/CervicalCancerV2/research-lab/experiments/registered-workflow/extensions/jiim_2026_major_revision/run_manifest_queue.py", line 174, in main
    execute_queue(args.manifest, assigned, args.gpu_index, args.gpu_count, args.max_new_runs)
  File "/root/autodl-tmp/CervicalCancerV2/research-lab/experiments/registered-workflow/extensions/jiim_2026_major_revision/run_manifest_queue.py", line 119, in execute_queue
    weight_hashes[row["model"]] = current_weight_hash(row["model"])
  File "/root/autodl-tmp/CervicalCancerV2/research-lab/experiments/registered-workflow/extensions/jiim_2026_major_revision/dispatch_manifest_run.py", line 39, in current_weight_hash
    raise FileNotFoundError(f"Pretrained weight missing before retry: {path}")
FileNotFoundError: Pretrained weight missing before retry: /root/.cache/torch/hub/checkpoints/densenet121-a639ec97.pth
nohup: ignoring input
{
  "assigned_runs": 75,
  "first_run_id": "jiim_ext_isic2019_split_01_seed_52_densenet121_A",
  "gpu_count": 2,
  "gpu_index": 1,
  "last_run_id": "jiim_ext_mura_split_05_seed_62_swin_t_A",
  "mode": "execute",
  "stage": "e0",
  "stage_runs": 150
}
[1/75] VERIFIED_EXISTING jiim_ext_isic2019_split_01_seed_52_densenet121_A
[2/75] VERIFIED_EXISTING jiim_ext_isic2019_split_01_seed_42_efficientnet_b0_A
[3/75] VERIFIED_EXISTING jiim_ext_isic2019_split_01_seed_62_efficientnet_b0_A
[4/75] VERIFIED_EXISTING jiim_ext_isic2019_split_01_seed_52_resnet18_A
[5/75] VERIFIED_EXISTING jiim_ext_isic2019_split_01_seed_42_resnet50_A
[6/75] VERIFIED_EXISTING jiim_ext_isic2019_split_01_seed_62_resnet50_A
[7/75] START gpu=1 jiim_ext_isic2019_split_01_seed_52_swin_t_A
/root/jiim-env/bin/python /root/autodl-tmp/CervicalCancerV2/research-lab/experiments/registered-workflow/extensions/jiim_2026_major_revision/train_extension_run.py --dataset isic2019 --model swin_t --variant shared --split-file /root/autodl-tmp/CervicalCancerV2/research-lab/experiments/registered-workflow/extensions/jiim_2026_major_revision/formal_splits_v0.6/isic2019/split_01.csv --dataset-index /root/autodl-tmp/CervicalCancerV2/research-lab/experiments/registered-workflow/extensions/jiim_2026_major_revision/candidate_indices/final_objective_v0.6/isic2019_dataset_index.csv --run-id jiim_ext_isic2019_split_01_seed_52_swin_t_A --training-seed 52 --output-dir /root/autodl-tmp/CervicalCancerV2/research-lab/experiments/registered-workflow/extensions/jiim_2026_major_revision/runs/jiim_ext_isic2019_split_01_seed_52_swin_t_A --manifest /root/autodl-tmp/CervicalCancerV2/research-lab/experiments/registered-workflow/extensions/jiim_2026_major_revision/run_manifests/jiim_extension_300_v0.6.csv
[7/75] VERIFIED_NEW jiim_ext_isic2019_split_01_seed_52_swin_t_A
[8/75] START gpu=1 jiim_ext_isic2019_split_02_seed_42_densenet121_A
/root/jiim-env/bin/python /root/autodl-tmp/CervicalCancerV2/research-lab/experiments/registered-workflow/extensions/jiim_2026_major_revision/train_extension_run.py --dataset isic2019 --model densenet121 --variant shared --split-file /root/autodl-tmp/CervicalCancerV2/research-lab/experiments/registered-workflow/extensions/jiim_2026_major_revision/formal_splits_v0.6/isic2019/split_02.csv --dataset-index /root/autodl-tmp/CervicalCancerV2/research-lab/experiments/registered-workflow/extensions/jiim_2026_major_revision/candidate_indices/final_objective_v0.6/isic2019_dataset_index.csv --run-id jiim_ext_isic2019_split_02_seed_42_densenet121_A --training-seed 42 --output-dir /root/autodl-tmp/CervicalCancerV2/research-lab/experiments/registered-workflow/extensions/jiim_2026_major_revision/runs/jiim_ext_isic2019_split_02_seed_42_densenet121_A --manifest /root/autodl-tmp/CervicalCancerV2/research-lab/experiments/registered-workflow/extensions/jiim_2026_major_revision/run_manifests/jiim_extension_300_v0.6.csv
[8/75] VERIFIED_NEW jiim_ext_isic2019_split_02_seed_42_densenet121_A
[9/75] START gpu=1 jiim_ext_isic2019_split_02_seed_62_densenet121_A
/root/jiim-env/bin/python /root/autodl-tmp/CervicalCancerV2/research-lab/experiments/registered-workflow/extensions/jiim_2026_major_revision/train_extension_run.py --dataset isic2019 --model densenet121 --variant shared --split-file /root/autodl-tmp/CervicalCancerV2/research-lab/experiments/registered-workflow/extensions/jiim_2026_major_revision/formal_splits_v0.6/isic2019/split_02.csv --dataset-index /root/autodl-tmp/CervicalCancerV2/research-lab/experiments/registered-workflow/extensions/jiim_2026_major_revision/candidate_indices/final_objective_v0.6/isic2019_dataset_index.csv --run-id jiim_ext_isic2019_split_02_seed_62_densenet121_A --training-seed 62 --output-dir /root/autodl-tmp/CervicalCancerV2/research-lab/experiments/registered-workflow/extensions/jiim_2026_major_revision/runs/jiim_ext_isic2019_split_02_seed_62_densenet121_A --manifest /root/autodl-tmp/CervicalCancerV2/research-lab/experiments/registered-workflow/extensions/jiim_2026_major_revision/run_manifests/jiim_extension_300_v0.6.csv
[9/75] VERIFIED_NEW jiim_ext_isic2019_split_02_seed_62_densenet121_A
[10/75] START gpu=1 jiim_ext_isic2019_split_02_seed_52_efficientnet_b0_A
/root/jiim-env/bin/python /root/autodl-tmp/CervicalCancerV2/research-lab/experiments/registered-workflow/extensions/jiim_2026_major_revision/train_extension_run.py --dataset isic2019 --model efficientnet_b0 --variant shared --split-file /root/autodl-tmp/CervicalCancerV2/research-lab/experiments/registered-workflow/extensions/jiim_2026_major_revision/formal_splits_v0.6/isic2019/split_02.csv --dataset-index /root/autodl-tmp/CervicalCancerV2/research-lab/experiments/registered-workflow/extensions/jiim_2026_major_revision/candidate_indices/final_objective_v0.6/isic2019_dataset_index.csv --run-id jiim_ext_isic2019_split_02_seed_52_efficientnet_b0_A --training-seed 52 --output-dir /root/autodl-tmp/CervicalCancerV2/research-lab/experiments/registered-workflow/extensions/jiim_2026_major_revision/runs/jiim_ext_isic2019_split_02_seed_52_efficientnet_b0_A --manifest /root/autodl-tmp/CervicalCancerV2/research-lab/experiments/registered-workflow/extensions/jiim_2026_major_revision/run_manifests/jiim_extension_300_v0.6.csv
[10/75] VERIFIED_NEW jiim_ext_isic2019_split_02_seed_52_efficientnet_b0_A
[11/75] START gpu=1 jiim_ext_isic2019_split_02_seed_42_resnet18_A
/root/jiim-env/bin/python /root/autodl-tmp/CervicalCancerV2/research-lab/experiments/registered-workflow/extensions/jiim_2026_major_revision/train_extension_run.py --dataset isic2019 --model resnet18 --variant shared --split-file /root/autodl-tmp/CervicalCancerV2/research-lab/experiments/registered-workflow/extensions/jiim_2026_major_revision/formal_splits_v0.6/isic2019/split_02.csv --dataset-index /root/autodl-tmp/CervicalCancerV2/research-lab/experiments/registered-workflow/extensions/jiim_2026_major_revision/candidate_indices/final_objective_v0.6/isic2019_dataset_index.csv --run-id jiim_ext_isic2019_split_02_seed_42_resnet18_A --training-seed 42 --output-dir /root/autodl-tmp/CervicalCancerV2/research-lab/experiments/registered-workflow/extensions/jiim_2026_major_revision/runs/jiim_ext_isic2019_split_02_seed_42_resnet18_A --manifest /root/autodl-tmp/CervicalCancerV2/research-lab/experiments/registered-workflow/extensions/jiim_2026_major_revision/run_manifests/jiim_extension_300_v0.6.csv
[11/75] VERIFIED_NEW jiim_ext_isic2019_split_02_seed_42_resnet18_A
[11/75] BATCH_LIMIT_REACHED new_runs=5
