{
  "assigned_runs": 135,
  "first_run_id": "jiim_ext_isic2019_split_01_seed_52_densenet121_A",
  "gpu_count": 2,
  "gpu_index": 1,
  "last_run_id": "jiim_ext_mura_split_10_seed_62_resnet50_A",
  "mode": "execute",
  "stage": "e1",
  "stage_runs": 270
}
[1/135] VERIFIED_EXISTING jiim_ext_isic2019_split_01_seed_52_densenet121_A
[2/135] VERIFIED_EXISTING jiim_ext_isic2019_split_01_seed_42_efficientnet_b0_A
[3/135] VERIFIED_EXISTING jiim_ext_isic2019_split_01_seed_62_efficientnet_b0_A
[4/135] VERIFIED_EXISTING jiim_ext_isic2019_split_01_seed_52_resnet18_A
[5/135] VERIFIED_EXISTING jiim_ext_isic2019_split_01_seed_42_resnet50_A
[6/135] VERIFIED_EXISTING jiim_ext_isic2019_split_01_seed_62_resnet50_A
[7/135] VERIFIED_EXISTING jiim_ext_isic2019_split_01_seed_52_swin_t_A
[8/135] VERIFIED_EXISTING jiim_ext_isic2019_split_02_seed_42_densenet121_A
[9/135] VERIFIED_EXISTING jiim_ext_isic2019_split_02_seed_62_densenet121_A
[10/135] VERIFIED_EXISTING jiim_ext_isic2019_split_02_seed_52_efficientnet_b0_A
[11/135] VERIFIED_EXISTING jiim_ext_isic2019_split_02_seed_42_resnet18_A
[12/135] VERIFIED_EXISTING jiim_ext_isic2019_split_02_seed_62_resnet18_A
[13/135] VERIFIED_EXISTING jiim_ext_isic2019_split_02_seed_52_resnet50_A
[14/135] VERIFIED_EXISTING jiim_ext_isic2019_split_02_seed_42_swin_t_A
[15/135] VERIFIED_EXISTING jiim_ext_isic2019_split_02_seed_62_swin_t_A
[16/135] VERIFIED_EXISTING jiim_ext_isic2019_split_03_seed_52_densenet121_A
[17/135] VERIFIED_EXISTING jiim_ext_isic2019_split_03_seed_42_efficientnet_b0_A
[18/135] VERIFIED_EXISTING jiim_ext_isic2019_split_03_seed_62_efficientnet_b0_A
[19/135] VERIFIED_EXISTING jiim_ext_isic2019_split_03_seed_52_resnet18_A
[20/135] VERIFIED_EXISTING jiim_ext_isic2019_split_03_seed_42_resnet50_A
[21/135] VERIFIED_EXISTING jiim_ext_isic2019_split_03_seed_62_resnet50_A
[22/135] VERIFIED_EXISTING jiim_ext_isic2019_split_03_seed_52_swin_t_A
[23/135] VERIFIED_EXISTING jiim_ext_isic2019_split_04_seed_42_densenet121_A
[24/135] VERIFIED_EXISTING jiim_ext_isic2019_split_04_seed_62_densenet121_A
[25/135] VERIFIED_EXISTING jiim_ext_isic2019_split_04_seed_52_efficientnet_b0_A
[26/135] VERIFIED_EXISTING jiim_ext_isic2019_split_04_seed_42_resnet18_A
[27/135] VERIFIED_EXISTING jiim_ext_isic2019_split_04_seed_62_resnet18_A
[28/135] VERIFIED_EXISTING jiim_ext_isic2019_split_04_seed_52_resnet50_A
[29/135] VERIFIED_EXISTING jiim_ext_isic2019_split_04_seed_42_swin_t_A
[30/135] VERIFIED_EXISTING jiim_ext_isic2019_split_04_seed_62_swin_t_A
[31/135] VERIFIED_EXISTING jiim_ext_isic2019_split_05_seed_52_densenet121_A
[32/135] VERIFIED_EXISTING jiim_ext_isic2019_split_05_seed_42_efficientnet_b0_A
[33/135] VERIFIED_EXISTING jiim_ext_isic2019_split_05_seed_62_efficientnet_b0_A
[34/135] VERIFIED_EXISTING jiim_ext_isic2019_split_05_seed_52_resnet18_A
[35/135] VERIFIED_EXISTING jiim_ext_isic2019_split_05_seed_42_resnet50_A
[36/135] VERIFIED_EXISTING jiim_ext_isic2019_split_05_seed_62_resnet50_A
[37/135] VERIFIED_EXISTING jiim_ext_isic2019_split_05_seed_52_swin_t_A
[38/135] VERIFIED_EXISTING jiim_ext_mura_split_01_seed_42_densenet121_A
[39/135] VERIFIED_EXISTING jiim_ext_mura_split_01_seed_62_densenet121_A
[40/135] VERIFIED_EXISTING jiim_ext_mura_split_01_seed_52_efficientnet_b0_A
[41/135] VERIFIED_EXISTING jiim_ext_mura_split_01_seed_42_resnet18_A
[42/135] VERIFIED_EXISTING jiim_ext_mura_split_01_seed_62_resnet18_A
[43/135] VERIFIED_EXISTING jiim_ext_mura_split_01_seed_52_resnet50_A
[44/135] VERIFIED_EXISTING jiim_ext_mura_split_01_seed_42_swin_t_A
[45/135] VERIFIED_EXISTING jiim_ext_mura_split_01_seed_62_swin_t_A
[46/135] VERIFIED_EXISTING jiim_ext_mura_split_02_seed_52_densenet121_A
[47/135] VERIFIED_EXISTING jiim_ext_mura_split_02_seed_42_efficientnet_b0_A
[48/135] VERIFIED_EXISTING jiim_ext_mura_split_02_seed_62_efficientnet_b0_A
[49/135] VERIFIED_EXISTING jiim_ext_mura_split_02_seed_52_resnet18_A
[50/135] VERIFIED_EXISTING jiim_ext_mura_split_02_seed_42_resnet50_A
[51/135] VERIFIED_EXISTING jiim_ext_mura_split_02_seed_62_resnet50_A
[52/135] VERIFIED_EXISTING jiim_ext_mura_split_02_seed_52_swin_t_A
[53/135] VERIFIED_EXISTING jiim_ext_mura_split_03_seed_42_densenet121_A
[54/135] VERIFIED_EXISTING jiim_ext_mura_split_03_seed_62_densenet121_A
[55/135] VERIFIED_EXISTING jiim_ext_mura_split_03_seed_52_efficientnet_b0_A
[56/135] VERIFIED_EXISTING jiim_ext_mura_split_03_seed_42_resnet18_A
[57/135] VERIFIED_EXISTING jiim_ext_mura_split_03_seed_62_resnet18_A
[58/135] VERIFIED_EXISTING jiim_ext_mura_split_03_seed_52_resnet50_A
[59/135] VERIFIED_EXISTING jiim_ext_mura_split_03_seed_42_swin_t_A
[60/135] VERIFIED_EXISTING jiim_ext_mura_split_03_seed_62_swin_t_A
[61/135] VERIFIED_EXISTING jiim_ext_mura_split_04_seed_52_densenet121_A
[62/135] VERIFIED_EXISTING jiim_ext_mura_split_04_seed_42_efficientnet_b0_A
[63/135] VERIFIED_EXISTING jiim_ext_mura_split_04_seed_62_efficientnet_b0_A
[64/135] VERIFIED_EXISTING jiim_ext_mura_split_04_seed_52_resnet18_A
[65/135] VERIFIED_EXISTING jiim_ext_mura_split_04_seed_42_resnet50_A
[66/135] VERIFIED_EXISTING jiim_ext_mura_split_04_seed_62_resnet50_A
[67/135] VERIFIED_EXISTING jiim_ext_mura_split_04_seed_52_swin_t_A
[68/135] VERIFIED_EXISTING jiim_ext_mura_split_05_seed_42_densenet121_A
[69/135] VERIFIED_EXISTING jiim_ext_mura_split_05_seed_62_densenet121_A
[70/135] VERIFIED_EXISTING jiim_ext_mura_split_05_seed_52_efficientnet_b0_A
[71/135] VERIFIED_EXISTING jiim_ext_mura_split_05_seed_42_resnet18_A
[72/135] VERIFIED_EXISTING jiim_ext_mura_split_05_seed_62_resnet18_A
[73/135] VERIFIED_EXISTING jiim_ext_mura_split_05_seed_52_resnet50_A
[74/135] VERIFIED_EXISTING jiim_ext_mura_split_05_seed_42_swin_t_A
[75/135] VERIFIED_EXISTING jiim_ext_mura_split_05_seed_62_swin_t_A
[76/135] START gpu=1 jiim_ext_isic2019_split_06_seed_52_densenet121_A
/root/jiim-env/bin/python /root/autodl-tmp/CervicalCancerV2/research-lab/experiments/registered-workflow/extensions/jiim_2026_major_revision/train_extension_run.py --dataset isic2019 --model densenet121 --variant shared --split-file /root/autodl-tmp/CervicalCancerV2/research-lab/experiments/registered-workflow/extensions/jiim_2026_major_revision/formal_splits_v0.6/isic2019/split_06.csv --dataset-index /root/autodl-tmp/CervicalCancerV2/research-lab/experiments/registered-workflow/extensions/jiim_2026_major_revision/candidate_indices/final_objective_v0.6/isic2019_dataset_index.csv --run-id jiim_ext_isic2019_split_06_seed_52_densenet121_A --training-seed 52 --output-dir /root/autodl-tmp/CervicalCancerV2/research-lab/experiments/registered-workflow/extensions/jiim_2026_major_revision/runs/jiim_ext_isic2019_split_06_seed_52_densenet121_A --manifest /root/autodl-tmp/CervicalCancerV2/research-lab/experiments/registered-workflow/extensions/jiim_2026_major_revision/run_manifests/jiim_extension_300_v0.6.csv
[76/135] VERIFIED_NEW jiim_ext_isic2019_split_06_seed_52_densenet121_A
[77/135] START gpu=1 jiim_ext_isic2019_split_06_seed_42_efficientnet_b0_A
/root/jiim-env/bin/python /root/autodl-tmp/CervicalCancerV2/research-lab/experiments/registered-workflow/extensions/jiim_2026_major_revision/train_extension_run.py --dataset isic2019 --model efficientnet_b0 --variant shared --split-file /root/autodl-tmp/CervicalCancerV2/research-lab/experiments/registered-workflow/extensions/jiim_2026_major_revision/formal_splits_v0.6/isic2019/split_06.csv --dataset-index /root/autodl-tmp/CervicalCancerV2/research-lab/experiments/registered-workflow/extensions/jiim_2026_major_revision/candidate_indices/final_objective_v0.6/isic2019_dataset_index.csv --run-id jiim_ext_isic2019_split_06_seed_42_efficientnet_b0_A --training-seed 42 --output-dir /root/autodl-tmp/CervicalCancerV2/research-lab/experiments/registered-workflow/extensions/jiim_2026_major_revision/runs/jiim_ext_isic2019_split_06_seed_42_efficientnet_b0_A --manifest /root/autodl-tmp/CervicalCancerV2/research-lab/experiments/registered-workflow/extensions/jiim_2026_major_revision/run_manifests/jiim_extension_300_v0.6.csv
[77/135] VERIFIED_NEW jiim_ext_isic2019_split_06_seed_42_efficientnet_b0_A
[78/135] START gpu=1 jiim_ext_isic2019_split_06_seed_62_efficientnet_b0_A
/root/jiim-env/bin/python /root/autodl-tmp/CervicalCancerV2/research-lab/experiments/registered-workflow/extensions/jiim_2026_major_revision/train_extension_run.py --dataset isic2019 --model efficientnet_b0 --variant shared --split-file /root/autodl-tmp/CervicalCancerV2/research-lab/experiments/registered-workflow/extensions/jiim_2026_major_revision/formal_splits_v0.6/isic2019/split_06.csv --dataset-index /root/autodl-tmp/CervicalCancerV2/research-lab/experiments/registered-workflow/extensions/jiim_2026_major_revision/candidate_indices/final_objective_v0.6/isic2019_dataset_index.csv --run-id jiim_ext_isic2019_split_06_seed_62_efficientnet_b0_A --training-seed 62 --output-dir /root/autodl-tmp/CervicalCancerV2/research-lab/experiments/registered-workflow/extensions/jiim_2026_major_revision/runs/jiim_ext_isic2019_split_06_seed_62_efficientnet_b0_A --manifest /root/autodl-tmp/CervicalCancerV2/research-lab/experiments/registered-workflow/extensions/jiim_2026_major_revision/run_manifests/jiim_extension_300_v0.6.csv
[78/135] VERIFIED_NEW jiim_ext_isic2019_split_06_seed_62_efficientnet_b0_A
[79/135] START gpu=1 jiim_ext_isic2019_split_06_seed_52_resnet18_A
/root/jiim-env/bin/python /root/autodl-tmp/CervicalCancerV2/research-lab/experiments/registered-workflow/extensions/jiim_2026_major_revision/train_extension_run.py --dataset isic2019 --model resnet18 --variant shared --split-file /root/autodl-tmp/CervicalCancerV2/research-lab/experiments/registered-workflow/extensions/jiim_2026_major_revision/formal_splits_v0.6/isic2019/split_06.csv --dataset-index /root/autodl-tmp/CervicalCancerV2/research-lab/experiments/registered-workflow/extensions/jiim_2026_major_revision/candidate_indices/final_objective_v0.6/isic2019_dataset_index.csv --run-id jiim_ext_isic2019_split_06_seed_52_resnet18_A --training-seed 52 --output-dir /root/autodl-tmp/CervicalCancerV2/research-lab/experiments/registered-workflow/extensions/jiim_2026_major_revision/runs/jiim_ext_isic2019_split_06_seed_52_resnet18_A --manifest /root/autodl-tmp/CervicalCancerV2/research-lab/experiments/registered-workflow/extensions/jiim_2026_major_revision/run_manifests/jiim_extension_300_v0.6.csv
[79/135] VERIFIED_NEW jiim_ext_isic2019_split_06_seed_52_resnet18_A
[80/135] START gpu=1 jiim_ext_isic2019_split_06_seed_42_resnet50_A
/root/jiim-env/bin/python /root/autodl-tmp/CervicalCancerV2/research-lab/experiments/registered-workflow/extensions/jiim_2026_major_revision/train_extension_run.py --dataset isic2019 --model resnet50 --variant shared --split-file /root/autodl-tmp/CervicalCancerV2/research-lab/experiments/registered-workflow/extensions/jiim_2026_major_revision/formal_splits_v0.6/isic2019/split_06.csv --dataset-index /root/autodl-tmp/CervicalCancerV2/research-lab/experiments/registered-workflow/extensions/jiim_2026_major_revision/candidate_indices/final_objective_v0.6/isic2019_dataset_index.csv --run-id jiim_ext_isic2019_split_06_seed_42_resnet50_A --training-seed 42 --output-dir /root/autodl-tmp/CervicalCancerV2/research-lab/experiments/registered-workflow/extensions/jiim_2026_major_revision/runs/jiim_ext_isic2019_split_06_seed_42_resnet50_A --manifest /root/autodl-tmp/CervicalCancerV2/research-lab/experiments/registered-workflow/extensions/jiim_2026_major_revision/run_manifests/jiim_extension_300_v0.6.csv
[80/135] VERIFIED_NEW jiim_ext_isic2019_split_06_seed_42_resnet50_A
[81/135] START gpu=1 jiim_ext_isic2019_split_06_seed_62_resnet50_A
/root/jiim-env/bin/python /root/autodl-tmp/CervicalCancerV2/research-lab/experiments/registered-workflow/extensions/jiim_2026_major_revision/train_extension_run.py --dataset isic2019 --model resnet50 --variant shared --split-file /root/autodl-tmp/CervicalCancerV2/research-lab/experiments/registered-workflow/extensions/jiim_2026_major_revision/formal_splits_v0.6/isic2019/split_06.csv --dataset-index /root/autodl-tmp/CervicalCancerV2/research-lab/experiments/registered-workflow/extensions/jiim_2026_major_revision/candidate_indices/final_objective_v0.6/isic2019_dataset_index.csv --run-id jiim_ext_isic2019_split_06_seed_62_resnet50_A --training-seed 62 --output-dir /root/autodl-tmp/CervicalCancerV2/research-lab/experiments/registered-workflow/extensions/jiim_2026_major_revision/runs/jiim_ext_isic2019_split_06_seed_62_resnet50_A --manifest /root/autodl-tmp/CervicalCancerV2/research-lab/experiments/registered-workflow/extensions/jiim_2026_major_revision/run_manifests/jiim_extension_300_v0.6.csv
[81/135] VERIFIED_NEW jiim_ext_isic2019_split_06_seed_62_resnet50_A
[82/135] START gpu=1 jiim_ext_isic2019_split_07_seed_52_densenet121_A
/root/jiim-env/bin/python /root/autodl-tmp/CervicalCancerV2/research-lab/experiments/registered-workflow/extensions/jiim_2026_major_revision/train_extension_run.py --dataset isic2019 --model densenet121 --variant shared --split-file /root/autodl-tmp/CervicalCancerV2/research-lab/experiments/registered-workflow/extensions/jiim_2026_major_revision/formal_splits_v0.6/isic2019/split_07.csv --dataset-index /root/autodl-tmp/CervicalCancerV2/research-lab/experiments/registered-workflow/extensions/jiim_2026_major_revision/candidate_indices/final_objective_v0.6/isic2019_dataset_index.csv --run-id jiim_ext_isic2019_split_07_seed_52_densenet121_A --training-seed 52 --output-dir /root/autodl-tmp/CervicalCancerV2/research-lab/experiments/registered-workflow/extensions/jiim_2026_major_revision/runs/jiim_ext_isic2019_split_07_seed_52_densenet121_A --manifest /root/autodl-tmp/CervicalCancerV2/research-lab/experiments/registered-workflow/extensions/jiim_2026_major_revision/run_manifests/jiim_extension_300_v0.6.csv
[82/135] VERIFIED_NEW jiim_ext_isic2019_split_07_seed_52_densenet121_A
[83/135] START gpu=1 jiim_ext_isic2019_split_07_seed_42_efficientnet_b0_A
/root/jiim-env/bin/python /root/autodl-tmp/CervicalCancerV2/research-lab/experiments/registered-workflow/extensions/jiim_2026_major_revision/train_extension_run.py --dataset isic2019 --model efficientnet_b0 --variant shared --split-file /root/autodl-tmp/CervicalCancerV2/research-lab/experiments/registered-workflow/extensions/jiim_2026_major_revision/formal_splits_v0.6/isic2019/split_07.csv --dataset-index /root/autodl-tmp/CervicalCancerV2/research-lab/experiments/registered-workflow/extensions/jiim_2026_major_revision/candidate_indices/final_objective_v0.6/isic2019_dataset_index.csv --run-id jiim_ext_isic2019_split_07_seed_42_efficientnet_b0_A --training-seed 42 --output-dir /root/autodl-tmp/CervicalCancerV2/research-lab/experiments/registered-workflow/extensions/jiim_2026_major_revision/runs/jiim_ext_isic2019_split_07_seed_42_efficientnet_b0_A --manifest /root/autodl-tmp/CervicalCancerV2/research-lab/experiments/registered-workflow/extensions/jiim_2026_major_revision/run_manifests/jiim_extension_300_v0.6.csv
[83/135] VERIFIED_NEW jiim_ext_isic2019_split_07_seed_42_efficientnet_b0_A
[84/135] START gpu=1 jiim_ext_isic2019_split_07_seed_62_efficientnet_b0_A
/root/jiim-env/bin/python /root/autodl-tmp/CervicalCancerV2/research-lab/experiments/registered-workflow/extensions/jiim_2026_major_revision/train_extension_run.py --dataset isic2019 --model efficientnet_b0 --variant shared --split-file /root/autodl-tmp/CervicalCancerV2/research-lab/experiments/registered-workflow/extensions/jiim_2026_major_revision/formal_splits_v0.6/isic2019/split_07.csv --dataset-index /root/autodl-tmp/CervicalCancerV2/research-lab/experiments/registered-workflow/extensions/jiim_2026_major_revision/candidate_indices/final_objective_v0.6/isic2019_dataset_index.csv --run-id jiim_ext_isic2019_split_07_seed_62_efficientnet_b0_A --training-seed 62 --output-dir /root/autodl-tmp/CervicalCancerV2/research-lab/experiments/registered-workflow/extensions/jiim_2026_major_revision/runs/jiim_ext_isic2019_split_07_seed_62_efficientnet_b0_A --manifest /root/autodl-tmp/CervicalCancerV2/research-lab/experiments/registered-workflow/extensions/jiim_2026_major_revision/run_manifests/jiim_extension_300_v0.6.csv
[84/135] VERIFIED_NEW jiim_ext_isic2019_split_07_seed_62_efficientnet_b0_A
[85/135] START gpu=1 jiim_ext_isic2019_split_07_seed_52_resnet18_A
/root/jiim-env/bin/python /root/autodl-tmp/CervicalCancerV2/research-lab/experiments/registered-workflow/extensions/jiim_2026_major_revision/train_extension_run.py --dataset isic2019 --model resnet18 --variant shared --split-file /root/autodl-tmp/CervicalCancerV2/research-lab/experiments/registered-workflow/extensions/jiim_2026_major_revision/formal_splits_v0.6/isic2019/split_07.csv --dataset-index /root/autodl-tmp/CervicalCancerV2/research-lab/experiments/registered-workflow/extensions/jiim_2026_major_revision/candidate_indices/final_objective_v0.6/isic2019_dataset_index.csv --run-id jiim_ext_isic2019_split_07_seed_52_resnet18_A --training-seed 52 --output-dir /root/autodl-tmp/CervicalCancerV2/research-lab/experiments/registered-workflow/extensions/jiim_2026_major_revision/runs/jiim_ext_isic2019_split_07_seed_52_resnet18_A --manifest /root/autodl-tmp/CervicalCancerV2/research-lab/experiments/registered-workflow/extensions/jiim_2026_major_revision/run_manifests/jiim_extension_300_v0.6.csv
[85/135] VERIFIED_NEW jiim_ext_isic2019_split_07_seed_52_resnet18_A
[86/135] START gpu=1 jiim_ext_isic2019_split_07_seed_42_resnet50_A
/root/jiim-env/bin/python /root/autodl-tmp/CervicalCancerV2/research-lab/experiments/registered-workflow/extensions/jiim_2026_major_revision/train_extension_run.py --dataset isic2019 --model resnet50 --variant shared --split-file /root/autodl-tmp/CervicalCancerV2/research-lab/experiments/registered-workflow/extensions/jiim_2026_major_revision/formal_splits_v0.6/isic2019/split_07.csv --dataset-index /root/autodl-tmp/CervicalCancerV2/research-lab/experiments/registered-workflow/extensions/jiim_2026_major_revision/candidate_indices/final_objective_v0.6/isic2019_dataset_index.csv --run-id jiim_ext_isic2019_split_07_seed_42_resnet50_A --training-seed 42 --output-dir /root/autodl-tmp/CervicalCancerV2/research-lab/experiments/registered-workflow/extensions/jiim_2026_major_revision/runs/jiim_ext_isic2019_split_07_seed_42_resnet50_A --manifest /root/autodl-tmp/CervicalCancerV2/research-lab/experiments/registered-workflow/extensions/jiim_2026_major_revision/run_manifests/jiim_extension_300_v0.6.csv
[86/135] VERIFIED_NEW jiim_ext_isic2019_split_07_seed_42_resnet50_A
[87/135] START gpu=1 jiim_ext_isic2019_split_07_seed_62_resnet50_A
/root/jiim-env/bin/python /root/autodl-tmp/CervicalCancerV2/research-lab/experiments/registered-workflow/extensions/jiim_2026_major_revision/train_extension_run.py --dataset isic2019 --model resnet50 --variant shared --split-file /root/autodl-tmp/CervicalCancerV2/research-lab/experiments/registered-workflow/extensions/jiim_2026_major_revision/formal_splits_v0.6/isic2019/split_07.csv --dataset-index /root/autodl-tmp/CervicalCancerV2/research-lab/experiments/registered-workflow/extensions/jiim_2026_major_revision/candidate_indices/final_objective_v0.6/isic2019_dataset_index.csv --run-id jiim_ext_isic2019_split_07_seed_62_resnet50_A --training-seed 62 --output-dir /root/autodl-tmp/CervicalCancerV2/research-lab/experiments/registered-workflow/extensions/jiim_2026_major_revision/runs/jiim_ext_isic2019_split_07_seed_62_resnet50_A --manifest /root/autodl-tmp/CervicalCancerV2/research-lab/experiments/registered-workflow/extensions/jiim_2026_major_revision/run_manifests/jiim_extension_300_v0.6.csv
[87/135] VERIFIED_NEW jiim_ext_isic2019_split_07_seed_62_resnet50_A
[88/135] START gpu=1 jiim_ext_isic2019_split_08_seed_52_densenet121_A
/root/jiim-env/bin/python /root/autodl-tmp/CervicalCancerV2/research-lab/experiments/registered-workflow/extensions/jiim_2026_major_revision/train_extension_run.py --dataset isic2019 --model densenet121 --variant shared --split-file /root/autodl-tmp/CervicalCancerV2/research-lab/experiments/registered-workflow/extensions/jiim_2026_major_revision/formal_splits_v0.6/isic2019/split_08.csv --dataset-index /root/autodl-tmp/CervicalCancerV2/research-lab/experiments/registered-workflow/extensions/jiim_2026_major_revision/candidate_indices/final_objective_v0.6/isic2019_dataset_index.csv --run-id jiim_ext_isic2019_split_08_seed_52_densenet121_A --training-seed 52 --output-dir /root/autodl-tmp/CervicalCancerV2/research-lab/experiments/registered-workflow/extensions/jiim_2026_major_revision/runs/jiim_ext_isic2019_split_08_seed_52_densenet121_A --manifest /root/autodl-tmp/CervicalCancerV2/research-lab/experiments/registered-workflow/extensions/jiim_2026_major_revision/run_manifests/jiim_extension_300_v0.6.csv
[88/135] VERIFIED_NEW jiim_ext_isic2019_split_08_seed_52_densenet121_A
[89/135] START gpu=1 jiim_ext_isic2019_split_08_seed_42_efficientnet_b0_A
/root/jiim-env/bin/python /root/autodl-tmp/CervicalCancerV2/research-lab/experiments/registered-workflow/extensions/jiim_2026_major_revision/train_extension_run.py --dataset isic2019 --model efficientnet_b0 --variant shared --split-file /root/autodl-tmp/CervicalCancerV2/research-lab/experiments/registered-workflow/extensions/jiim_2026_major_revision/formal_splits_v0.6/isic2019/split_08.csv --dataset-index /root/autodl-tmp/CervicalCancerV2/research-lab/experiments/registered-workflow/extensions/jiim_2026_major_revision/candidate_indices/final_objective_v0.6/isic2019_dataset_index.csv --run-id jiim_ext_isic2019_split_08_seed_42_efficientnet_b0_A --training-seed 42 --output-dir /root/autodl-tmp/CervicalCancerV2/research-lab/experiments/registered-workflow/extensions/jiim_2026_major_revision/runs/jiim_ext_isic2019_split_08_seed_42_efficientnet_b0_A --manifest /root/autodl-tmp/CervicalCancerV2/research-lab/experiments/registered-workflow/extensions/jiim_2026_major_revision/run_manifests/jiim_extension_300_v0.6.csv
[89/135] VERIFIED_NEW jiim_ext_isic2019_split_08_seed_42_efficientnet_b0_A
[90/135] START gpu=1 jiim_ext_isic2019_split_08_seed_62_efficientnet_b0_A
/root/jiim-env/bin/python /root/autodl-tmp/CervicalCancerV2/research-lab/experiments/registered-workflow/extensions/jiim_2026_major_revision/train_extension_run.py --dataset isic2019 --model efficientnet_b0 --variant shared --split-file /root/autodl-tmp/CervicalCancerV2/research-lab/experiments/registered-workflow/extensions/jiim_2026_major_revision/formal_splits_v0.6/isic2019/split_08.csv --dataset-index /root/autodl-tmp/CervicalCancerV2/research-lab/experiments/registered-workflow/extensions/jiim_2026_major_revision/candidate_indices/final_objective_v0.6/isic2019_dataset_index.csv --run-id jiim_ext_isic2019_split_08_seed_62_efficientnet_b0_A --training-seed 62 --output-dir /root/autodl-tmp/CervicalCancerV2/research-lab/experiments/registered-workflow/extensions/jiim_2026_major_revision/runs/jiim_ext_isic2019_split_08_seed_62_efficientnet_b0_A --manifest /root/autodl-tmp/CervicalCancerV2/research-lab/experiments/registered-workflow/extensions/jiim_2026_major_revision/run_manifests/jiim_extension_300_v0.6.csv
[90/135] VERIFIED_NEW jiim_ext_isic2019_split_08_seed_62_efficientnet_b0_A
[91/135] START gpu=1 jiim_ext_isic2019_split_08_seed_52_resnet18_A
/root/jiim-env/bin/python /root/autodl-tmp/CervicalCancerV2/research-lab/experiments/registered-workflow/extensions/jiim_2026_major_revision/train_extension_run.py --dataset isic2019 --model resnet18 --variant shared --split-file /root/autodl-tmp/CervicalCancerV2/research-lab/experiments/registered-workflow/extensions/jiim_2026_major_revision/formal_splits_v0.6/isic2019/split_08.csv --dataset-index /root/autodl-tmp/CervicalCancerV2/research-lab/experiments/registered-workflow/extensions/jiim_2026_major_revision/candidate_indices/final_objective_v0.6/isic2019_dataset_index.csv --run-id jiim_ext_isic2019_split_08_seed_52_resnet18_A --training-seed 52 --output-dir /root/autodl-tmp/CervicalCancerV2/research-lab/experiments/registered-workflow/extensions/jiim_2026_major_revision/runs/jiim_ext_isic2019_split_08_seed_52_resnet18_A --manifest /root/autodl-tmp/CervicalCancerV2/research-lab/experiments/registered-workflow/extensions/jiim_2026_major_revision/run_manifests/jiim_extension_300_v0.6.csv
[91/135] VERIFIED_NEW jiim_ext_isic2019_split_08_seed_52_resnet18_A
[92/135] START gpu=1 jiim_ext_isic2019_split_08_seed_42_resnet50_A
/root/jiim-env/bin/python /root/autodl-tmp/CervicalCancerV2/research-lab/experiments/registered-workflow/extensions/jiim_2026_major_revision/train_extension_run.py --dataset isic2019 --model resnet50 --variant shared --split-file /root/autodl-tmp/CervicalCancerV2/research-lab/experiments/registered-workflow/extensions/jiim_2026_major_revision/formal_splits_v0.6/isic2019/split_08.csv --dataset-index /root/autodl-tmp/CervicalCancerV2/research-lab/experiments/registered-workflow/extensions/jiim_2026_major_revision/candidate_indices/final_objective_v0.6/isic2019_dataset_index.csv --run-id jiim_ext_isic2019_split_08_seed_42_resnet50_A --training-seed 42 --output-dir /root/autodl-tmp/CervicalCancerV2/research-lab/experiments/registered-workflow/extensions/jiim_2026_major_revision/runs/jiim_ext_isic2019_split_08_seed_42_resnet50_A --manifest /root/autodl-tmp/CervicalCancerV2/research-lab/experiments/registered-workflow/extensions/jiim_2026_major_revision/run_manifests/jiim_extension_300_v0.6.csv
[92/135] VERIFIED_NEW jiim_ext_isic2019_split_08_seed_42_resnet50_A
[93/135] START gpu=1 jiim_ext_isic2019_split_08_seed_62_resnet50_A
/root/jiim-env/bin/python /root/autodl-tmp/CervicalCancerV2/research-lab/experiments/registered-workflow/extensions/jiim_2026_major_revision/train_extension_run.py --dataset isic2019 --model resnet50 --variant shared --split-file /root/autodl-tmp/CervicalCancerV2/research-lab/experiments/registered-workflow/extensions/jiim_2026_major_revision/formal_splits_v0.6/isic2019/split_08.csv --dataset-index /root/autodl-tmp/CervicalCancerV2/research-lab/experiments/registered-workflow/extensions/jiim_2026_major_revision/candidate_indices/final_objective_v0.6/isic2019_dataset_index.csv --run-id jiim_ext_isic2019_split_08_seed_62_resnet50_A --training-seed 62 --output-dir /root/autodl-tmp/CervicalCancerV2/research-lab/experiments/registered-workflow/extensions/jiim_2026_major_revision/runs/jiim_ext_isic2019_split_08_seed_62_resnet50_A --manifest /root/autodl-tmp/CervicalCancerV2/research-lab/experiments/registered-workflow/extensions/jiim_2026_major_revision/run_manifests/jiim_extension_300_v0.6.csv
[93/135] VERIFIED_NEW jiim_ext_isic2019_split_08_seed_62_resnet50_A
[94/135] START gpu=1 jiim_ext_isic2019_split_09_seed_52_densenet121_A
/root/jiim-env/bin/python /root/autodl-tmp/CervicalCancerV2/research-lab/experiments/registered-workflow/extensions/jiim_2026_major_revision/train_extension_run.py --dataset isic2019 --model densenet121 --variant shared --split-file /root/autodl-tmp/CervicalCancerV2/research-lab/experiments/registered-workflow/extensions/jiim_2026_major_revision/formal_splits_v0.6/isic2019/split_09.csv --dataset-index /root/autodl-tmp/CervicalCancerV2/research-lab/experiments/registered-workflow/extensions/jiim_2026_major_revision/candidate_indices/final_objective_v0.6/isic2019_dataset_index.csv --run-id jiim_ext_isic2019_split_09_seed_52_densenet121_A --training-seed 52 --output-dir /root/autodl-tmp/CervicalCancerV2/research-lab/experiments/registered-workflow/extensions/jiim_2026_major_revision/runs/jiim_ext_isic2019_split_09_seed_52_densenet121_A --manifest /root/autodl-tmp/CervicalCancerV2/research-lab/experiments/registered-workflow/extensions/jiim_2026_major_revision/run_manifests/jiim_extension_300_v0.6.csv
[94/135] VERIFIED_NEW jiim_ext_isic2019_split_09_seed_52_densenet121_A
[95/135] START gpu=1 jiim_ext_isic2019_split_09_seed_42_efficientnet_b0_A
/root/jiim-env/bin/python /root/autodl-tmp/CervicalCancerV2/research-lab/experiments/registered-workflow/extensions/jiim_2026_major_revision/train_extension_run.py --dataset isic2019 --model efficientnet_b0 --variant shared --split-file /root/autodl-tmp/CervicalCancerV2/research-lab/experiments/registered-workflow/extensions/jiim_2026_major_revision/formal_splits_v0.6/isic2019/split_09.csv --dataset-index /root/autodl-tmp/CervicalCancerV2/research-lab/experiments/registered-workflow/extensions/jiim_2026_major_revision/candidate_indices/final_objective_v0.6/isic2019_dataset_index.csv --run-id jiim_ext_isic2019_split_09_seed_42_efficientnet_b0_A --training-seed 42 --output-dir /root/autodl-tmp/CervicalCancerV2/research-lab/experiments/registered-workflow/extensions/jiim_2026_major_revision/runs/jiim_ext_isic2019_split_09_seed_42_efficientnet_b0_A --manifest /root/autodl-tmp/CervicalCancerV2/research-lab/experiments/registered-workflow/extensions/jiim_2026_major_revision/run_manifests/jiim_extension_300_v0.6.csv
[95/135] VERIFIED_NEW jiim_ext_isic2019_split_09_seed_42_efficientnet_b0_A
[96/135] START gpu=1 jiim_ext_isic2019_split_09_seed_62_efficientnet_b0_A
/root/jiim-env/bin/python /root/autodl-tmp/CervicalCancerV2/research-lab/experiments/registered-workflow/extensions/jiim_2026_major_revision/train_extension_run.py --dataset isic2019 --model efficientnet_b0 --variant shared --split-file /root/autodl-tmp/CervicalCancerV2/research-lab/experiments/registered-workflow/extensions/jiim_2026_major_revision/formal_splits_v0.6/isic2019/split_09.csv --dataset-index /root/autodl-tmp/CervicalCancerV2/research-lab/experiments/registered-workflow/extensions/jiim_2026_major_revision/candidate_indices/final_objective_v0.6/isic2019_dataset_index.csv --run-id jiim_ext_isic2019_split_09_seed_62_efficientnet_b0_A --training-seed 62 --output-dir /root/autodl-tmp/CervicalCancerV2/research-lab/experiments/registered-workflow/extensions/jiim_2026_major_revision/runs/jiim_ext_isic2019_split_09_seed_62_efficientnet_b0_A --manifest /root/autodl-tmp/CervicalCancerV2/research-lab/experiments/registered-workflow/extensions/jiim_2026_major_revision/run_manifests/jiim_extension_300_v0.6.csv
[96/135] VERIFIED_NEW jiim_ext_isic2019_split_09_seed_62_efficientnet_b0_A
[97/135] START gpu=1 jiim_ext_isic2019_split_09_seed_52_resnet18_A
/root/jiim-env/bin/python /root/autodl-tmp/CervicalCancerV2/research-lab/experiments/registered-workflow/extensions/jiim_2026_major_revision/train_extension_run.py --dataset isic2019 --model resnet18 --variant shared --split-file /root/autodl-tmp/CervicalCancerV2/research-lab/experiments/registered-workflow/extensions/jiim_2026_major_revision/formal_splits_v0.6/isic2019/split_09.csv --dataset-index /root/autodl-tmp/CervicalCancerV2/research-lab/experiments/registered-workflow/extensions/jiim_2026_major_revision/candidate_indices/final_objective_v0.6/isic2019_dataset_index.csv --run-id jiim_ext_isic2019_split_09_seed_52_resnet18_A --training-seed 52 --output-dir /root/autodl-tmp/CervicalCancerV2/research-lab/experiments/registered-workflow/extensions/jiim_2026_major_revision/runs/jiim_ext_isic2019_split_09_seed_52_resnet18_A --manifest /root/autodl-tmp/CervicalCancerV2/research-lab/experiments/registered-workflow/extensions/jiim_2026_major_revision/run_manifests/jiim_extension_300_v0.6.csv
[97/135] VERIFIED_NEW jiim_ext_isic2019_split_09_seed_52_resnet18_A
[98/135] START gpu=1 jiim_ext_isic2019_split_09_seed_42_resnet50_A
/root/jiim-env/bin/python /root/autodl-tmp/CervicalCancerV2/research-lab/experiments/registered-workflow/extensions/jiim_2026_major_revision/train_extension_run.py --dataset isic2019 --model resnet50 --variant shared --split-file /root/autodl-tmp/CervicalCancerV2/research-lab/experiments/registered-workflow/extensions/jiim_2026_major_revision/formal_splits_v0.6/isic2019/split_09.csv --dataset-index /root/autodl-tmp/CervicalCancerV2/research-lab/experiments/registered-workflow/extensions/jiim_2026_major_revision/candidate_indices/final_objective_v0.6/isic2019_dataset_index.csv --run-id jiim_ext_isic2019_split_09_seed_42_resnet50_A --training-seed 42 --output-dir /root/autodl-tmp/CervicalCancerV2/research-lab/experiments/registered-workflow/extensions/jiim_2026_major_revision/runs/jiim_ext_isic2019_split_09_seed_42_resnet50_A --manifest /root/autodl-tmp/CervicalCancerV2/research-lab/experiments/registered-workflow/extensions/jiim_2026_major_revision/run_manifests/jiim_extension_300_v0.6.csv
[98/135] VERIFIED_NEW jiim_ext_isic2019_split_09_seed_42_resnet50_A
[99/135] START gpu=1 jiim_ext_isic2019_split_09_seed_62_resnet50_A
/root/jiim-env/bin/python /root/autodl-tmp/CervicalCancerV2/research-lab/experiments/registered-workflow/extensions/jiim_2026_major_revision/train_extension_run.py --dataset isic2019 --model resnet50 --variant shared --split-file /root/autodl-tmp/CervicalCancerV2/research-lab/experiments/registered-workflow/extensions/jiim_2026_major_revision/formal_splits_v0.6/isic2019/split_09.csv --dataset-index /root/autodl-tmp/CervicalCancerV2/research-lab/experiments/registered-workflow/extensions/jiim_2026_major_revision/candidate_indices/final_objective_v0.6/isic2019_dataset_index.csv --run-id jiim_ext_isic2019_split_09_seed_62_resnet50_A --training-seed 62 --output-dir /root/autodl-tmp/CervicalCancerV2/research-lab/experiments/registered-workflow/extensions/jiim_2026_major_revision/runs/jiim_ext_isic2019_split_09_seed_62_resnet50_A --manifest /root/autodl-tmp/CervicalCancerV2/research-lab/experiments/registered-workflow/extensions/jiim_2026_major_revision/run_manifests/jiim_extension_300_v0.6.csv
[99/135] VERIFIED_NEW jiim_ext_isic2019_split_09_seed_62_resnet50_A
[100/135] START gpu=1 jiim_ext_isic2019_split_10_seed_52_densenet121_A
/root/jiim-env/bin/python /root/autodl-tmp/CervicalCancerV2/research-lab/experiments/registered-workflow/extensions/jiim_2026_major_revision/train_extension_run.py --dataset isic2019 --model densenet121 --variant shared --split-file /root/autodl-tmp/CervicalCancerV2/research-lab/experiments/registered-workflow/extensions/jiim_2026_major_revision/formal_splits_v0.6/isic2019/split_10.csv --dataset-index /root/autodl-tmp/CervicalCancerV2/research-lab/experiments/registered-workflow/extensions/jiim_2026_major_revision/candidate_indices/final_objective_v0.6/isic2019_dataset_index.csv --run-id jiim_ext_isic2019_split_10_seed_52_densenet121_A --training-seed 52 --output-dir /root/autodl-tmp/CervicalCancerV2/research-lab/experiments/registered-workflow/extensions/jiim_2026_major_revision/runs/jiim_ext_isic2019_split_10_seed_52_densenet121_A --manifest /root/autodl-tmp/CervicalCancerV2/research-lab/experiments/registered-workflow/extensions/jiim_2026_major_revision/run_manifests/jiim_extension_300_v0.6.csv
[100/135] VERIFIED_NEW jiim_ext_isic2019_split_10_seed_52_densenet121_A
[101/135] START gpu=1 jiim_ext_isic2019_split_10_seed_42_efficientnet_b0_A
/root/jiim-env/bin/python /root/autodl-tmp/CervicalCancerV2/research-lab/experiments/registered-workflow/extensions/jiim_2026_major_revision/train_extension_run.py --dataset isic2019 --model efficientnet_b0 --variant shared --split-file /root/autodl-tmp/CervicalCancerV2/research-lab/experiments/registered-workflow/extensions/jiim_2026_major_revision/formal_splits_v0.6/isic2019/split_10.csv --dataset-index /root/autodl-tmp/CervicalCancerV2/research-lab/experiments/registered-workflow/extensions/jiim_2026_major_revision/candidate_indices/final_objective_v0.6/isic2019_dataset_index.csv --run-id jiim_ext_isic2019_split_10_seed_42_efficientnet_b0_A --training-seed 42 --output-dir /root/autodl-tmp/CervicalCancerV2/research-lab/experiments/registered-workflow/extensions/jiim_2026_major_revision/runs/jiim_ext_isic2019_split_10_seed_42_efficientnet_b0_A --manifest /root/autodl-tmp/CervicalCancerV2/research-lab/experiments/registered-workflow/extensions/jiim_2026_major_revision/run_manifests/jiim_extension_300_v0.6.csv
[101/135] VERIFIED_NEW jiim_ext_isic2019_split_10_seed_42_efficientnet_b0_A
[102/135] START gpu=1 jiim_ext_isic2019_split_10_seed_62_efficientnet_b0_A
/root/jiim-env/bin/python /root/autodl-tmp/CervicalCancerV2/research-lab/experiments/registered-workflow/extensions/jiim_2026_major_revision/train_extension_run.py --dataset isic2019 --model efficientnet_b0 --variant shared --split-file /root/autodl-tmp/CervicalCancerV2/research-lab/experiments/registered-workflow/extensions/jiim_2026_major_revision/formal_splits_v0.6/isic2019/split_10.csv --dataset-index /root/autodl-tmp/CervicalCancerV2/research-lab/experiments/registered-workflow/extensions/jiim_2026_major_revision/candidate_indices/final_objective_v0.6/isic2019_dataset_index.csv --run-id jiim_ext_isic2019_split_10_seed_62_efficientnet_b0_A --training-seed 62 --output-dir /root/autodl-tmp/CervicalCancerV2/research-lab/experiments/registered-workflow/extensions/jiim_2026_major_revision/runs/jiim_ext_isic2019_split_10_seed_62_efficientnet_b0_A --manifest /root/autodl-tmp/CervicalCancerV2/research-lab/experiments/registered-workflow/extensions/jiim_2026_major_revision/run_manifests/jiim_extension_300_v0.6.csv
[102/135] VERIFIED_NEW jiim_ext_isic2019_split_10_seed_62_efficientnet_b0_A
[103/135] START gpu=1 jiim_ext_isic2019_split_10_seed_52_resnet18_A
/root/jiim-env/bin/python /root/autodl-tmp/CervicalCancerV2/research-lab/experiments/registered-workflow/extensions/jiim_2026_major_revision/train_extension_run.py --dataset isic2019 --model resnet18 --variant shared --split-file /root/autodl-tmp/CervicalCancerV2/research-lab/experiments/registered-workflow/extensions/jiim_2026_major_revision/formal_splits_v0.6/isic2019/split_10.csv --dataset-index /root/autodl-tmp/CervicalCancerV2/research-lab/experiments/registered-workflow/extensions/jiim_2026_major_revision/candidate_indices/final_objective_v0.6/isic2019_dataset_index.csv --run-id jiim_ext_isic2019_split_10_seed_52_resnet18_A --training-seed 52 --output-dir /root/autodl-tmp/CervicalCancerV2/research-lab/experiments/registered-workflow/extensions/jiim_2026_major_revision/runs/jiim_ext_isic2019_split_10_seed_52_resnet18_A --manifest /root/autodl-tmp/CervicalCancerV2/research-lab/experiments/registered-workflow/extensions/jiim_2026_major_revision/run_manifests/jiim_extension_300_v0.6.csv
[103/135] VERIFIED_NEW jiim_ext_isic2019_split_10_seed_52_resnet18_A
[104/135] START gpu=1 jiim_ext_isic2019_split_10_seed_42_resnet50_A
/root/jiim-env/bin/python /root/autodl-tmp/CervicalCancerV2/research-lab/experiments/registered-workflow/extensions/jiim_2026_major_revision/train_extension_run.py --dataset isic2019 --model resnet50 --variant shared --split-file /root/autodl-tmp/CervicalCancerV2/research-lab/experiments/registered-workflow/extensions/jiim_2026_major_revision/formal_splits_v0.6/isic2019/split_10.csv --dataset-index /root/autodl-tmp/CervicalCancerV2/research-lab/experiments/registered-workflow/extensions/jiim_2026_major_revision/candidate_indices/final_objective_v0.6/isic2019_dataset_index.csv --run-id jiim_ext_isic2019_split_10_seed_42_resnet50_A --training-seed 42 --output-dir /root/autodl-tmp/CervicalCancerV2/research-lab/experiments/registered-workflow/extensions/jiim_2026_major_revision/runs/jiim_ext_isic2019_split_10_seed_42_resnet50_A --manifest /root/autodl-tmp/CervicalCancerV2/research-lab/experiments/registered-workflow/extensions/jiim_2026_major_revision/run_manifests/jiim_extension_300_v0.6.csv
[104/135] VERIFIED_NEW jiim_ext_isic2019_split_10_seed_42_resnet50_A
[105/135] START gpu=1 jiim_ext_isic2019_split_10_seed_62_resnet50_A
/root/jiim-env/bin/python /root/autodl-tmp/CervicalCancerV2/research-lab/experiments/registered-workflow/extensions/jiim_2026_major_revision/train_extension_run.py --dataset isic2019 --model resnet50 --variant shared --split-file /root/autodl-tmp/CervicalCancerV2/research-lab/experiments/registered-workflow/extensions/jiim_2026_major_revision/formal_splits_v0.6/isic2019/split_10.csv --dataset-index /root/autodl-tmp/CervicalCancerV2/research-lab/experiments/registered-workflow/extensions/jiim_2026_major_revision/candidate_indices/final_objective_v0.6/isic2019_dataset_index.csv --run-id jiim_ext_isic2019_split_10_seed_62_resnet50_A --training-seed 62 --output-dir /root/autodl-tmp/CervicalCancerV2/research-lab/experiments/registered-workflow/extensions/jiim_2026_major_revision/runs/jiim_ext_isic2019_split_10_seed_62_resnet50_A --manifest /root/autodl-tmp/CervicalCancerV2/research-lab/experiments/registered-workflow/extensions/jiim_2026_major_revision/run_manifests/jiim_extension_300_v0.6.csv
[105/135] VERIFIED_NEW jiim_ext_isic2019_split_10_seed_62_resnet50_A
[106/135] START gpu=1 jiim_ext_mura_split_06_seed_52_densenet121_A
/root/jiim-env/bin/python /root/autodl-tmp/CervicalCancerV2/research-lab/experiments/registered-workflow/extensions/jiim_2026_major_revision/train_extension_run.py --dataset mura --model densenet121 --variant shared --split-file /root/autodl-tmp/CervicalCancerV2/research-lab/experiments/registered-workflow/extensions/jiim_2026_major_revision/formal_splits_v0.6/mura/split_06.csv --dataset-index /root/autodl-tmp/CervicalCancerV2/research-lab/experiments/registered-workflow/extensions/jiim_2026_major_revision/candidate_indices/final_objective_v0.6/mura_dataset_index.csv --run-id jiim_ext_mura_split_06_seed_52_densenet121_A --training-seed 52 --output-dir /root/autodl-tmp/CervicalCancerV2/research-lab/experiments/registered-workflow/extensions/jiim_2026_major_revision/runs/jiim_ext_mura_split_06_seed_52_densenet121_A --manifest /root/autodl-tmp/CervicalCancerV2/research-lab/experiments/registered-workflow/extensions/jiim_2026_major_revision/run_manifests/jiim_extension_300_v0.6.csv
[106/135] VERIFIED_NEW jiim_ext_mura_split_06_seed_52_densenet121_A
[107/135] START gpu=1 jiim_ext_mura_split_06_seed_42_efficientnet_b0_A
/root/jiim-env/bin/python /root/autodl-tmp/CervicalCancerV2/research-lab/experiments/registered-workflow/extensions/jiim_2026_major_revision/train_extension_run.py --dataset mura --model efficientnet_b0 --variant shared --split-file /root/autodl-tmp/CervicalCancerV2/research-lab/experiments/registered-workflow/extensions/jiim_2026_major_revision/formal_splits_v0.6/mura/split_06.csv --dataset-index /root/autodl-tmp/CervicalCancerV2/research-lab/experiments/registered-workflow/extensions/jiim_2026_major_revision/candidate_indices/final_objective_v0.6/mura_dataset_index.csv --run-id jiim_ext_mura_split_06_seed_42_efficientnet_b0_A --training-seed 42 --output-dir /root/autodl-tmp/CervicalCancerV2/research-lab/experiments/registered-workflow/extensions/jiim_2026_major_revision/runs/jiim_ext_mura_split_06_seed_42_efficientnet_b0_A --manifest /root/autodl-tmp/CervicalCancerV2/research-lab/experiments/registered-workflow/extensions/jiim_2026_major_revision/run_manifests/jiim_extension_300_v0.6.csv
[107/135] VERIFIED_NEW jiim_ext_mura_split_06_seed_42_efficientnet_b0_A
[108/135] START gpu=1 jiim_ext_mura_split_06_seed_62_efficientnet_b0_A
/root/jiim-env/bin/python /root/autodl-tmp/CervicalCancerV2/research-lab/experiments/registered-workflow/extensions/jiim_2026_major_revision/train_extension_run.py --dataset mura --model efficientnet_b0 --variant shared --split-file /root/autodl-tmp/CervicalCancerV2/research-lab/experiments/registered-workflow/extensions/jiim_2026_major_revision/formal_splits_v0.6/mura/split_06.csv --dataset-index /root/autodl-tmp/CervicalCancerV2/research-lab/experiments/registered-workflow/extensions/jiim_2026_major_revision/candidate_indices/final_objective_v0.6/mura_dataset_index.csv --run-id jiim_ext_mura_split_06_seed_62_efficientnet_b0_A --training-seed 62 --output-dir /root/autodl-tmp/CervicalCancerV2/research-lab/experiments/registered-workflow/extensions/jiim_2026_major_revision/runs/jiim_ext_mura_split_06_seed_62_efficientnet_b0_A --manifest /root/autodl-tmp/CervicalCancerV2/research-lab/experiments/registered-workflow/extensions/jiim_2026_major_revision/run_manifests/jiim_extension_300_v0.6.csv
[108/135] VERIFIED_NEW jiim_ext_mura_split_06_seed_62_efficientnet_b0_A
[109/135] START gpu=1 jiim_ext_mura_split_06_seed_52_resnet18_A
/root/jiim-env/bin/python /root/autodl-tmp/CervicalCancerV2/research-lab/experiments/registered-workflow/extensions/jiim_2026_major_revision/train_extension_run.py --dataset mura --model resnet18 --variant shared --split-file /root/autodl-tmp/CervicalCancerV2/research-lab/experiments/registered-workflow/extensions/jiim_2026_major_revision/formal_splits_v0.6/mura/split_06.csv --dataset-index /root/autodl-tmp/CervicalCancerV2/research-lab/experiments/registered-workflow/extensions/jiim_2026_major_revision/candidate_indices/final_objective_v0.6/mura_dataset_index.csv --run-id jiim_ext_mura_split_06_seed_52_resnet18_A --training-seed 52 --output-dir /root/autodl-tmp/CervicalCancerV2/research-lab/experiments/registered-workflow/extensions/jiim_2026_major_revision/runs/jiim_ext_mura_split_06_seed_52_resnet18_A --manifest /root/autodl-tmp/CervicalCancerV2/research-lab/experiments/registered-workflow/extensions/jiim_2026_major_revision/run_manifests/jiim_extension_300_v0.6.csv
[109/135] VERIFIED_NEW jiim_ext_mura_split_06_seed_52_resnet18_A
[110/135] START gpu=1 jiim_ext_mura_split_06_seed_42_resnet50_A
/root/jiim-env/bin/python /root/autodl-tmp/CervicalCancerV2/research-lab/experiments/registered-workflow/extensions/jiim_2026_major_revision/train_extension_run.py --dataset mura --model resnet50 --variant shared --split-file /root/autodl-tmp/CervicalCancerV2/research-lab/experiments/registered-workflow/extensions/jiim_2026_major_revision/formal_splits_v0.6/mura/split_06.csv --dataset-index /root/autodl-tmp/CervicalCancerV2/research-lab/experiments/registered-workflow/extensions/jiim_2026_major_revision/candidate_indices/final_objective_v0.6/mura_dataset_index.csv --run-id jiim_ext_mura_split_06_seed_42_resnet50_A --training-seed 42 --output-dir /root/autodl-tmp/CervicalCancerV2/research-lab/experiments/registered-workflow/extensions/jiim_2026_major_revision/runs/jiim_ext_mura_split_06_seed_42_resnet50_A --manifest /root/autodl-tmp/CervicalCancerV2/research-lab/experiments/registered-workflow/extensions/jiim_2026_major_revision/run_manifests/jiim_extension_300_v0.6.csv
[110/135] VERIFIED_NEW jiim_ext_mura_split_06_seed_42_resnet50_A
[111/135] START gpu=1 jiim_ext_mura_split_06_seed_62_resnet50_A
/root/jiim-env/bin/python /root/autodl-tmp/CervicalCancerV2/research-lab/experiments/registered-workflow/extensions/jiim_2026_major_revision/train_extension_run.py --dataset mura --model resnet50 --variant shared --split-file /root/autodl-tmp/CervicalCancerV2/research-lab/experiments/registered-workflow/extensions/jiim_2026_major_revision/formal_splits_v0.6/mura/split_06.csv --dataset-index /root/autodl-tmp/CervicalCancerV2/research-lab/experiments/registered-workflow/extensions/jiim_2026_major_revision/candidate_indices/final_objective_v0.6/mura_dataset_index.csv --run-id jiim_ext_mura_split_06_seed_62_resnet50_A --training-seed 62 --output-dir /root/autodl-tmp/CervicalCancerV2/research-lab/experiments/registered-workflow/extensions/jiim_2026_major_revision/runs/jiim_ext_mura_split_06_seed_62_resnet50_A --manifest /root/autodl-tmp/CervicalCancerV2/research-lab/experiments/registered-workflow/extensions/jiim_2026_major_revision/run_manifests/jiim_extension_300_v0.6.csv
[111/135] VERIFIED_NEW jiim_ext_mura_split_06_seed_62_resnet50_A
[112/135] START gpu=1 jiim_ext_mura_split_07_seed_52_densenet121_A
/root/jiim-env/bin/python /root/autodl-tmp/CervicalCancerV2/research-lab/experiments/registered-workflow/extensions/jiim_2026_major_revision/train_extension_run.py --dataset mura --model densenet121 --variant shared --split-file /root/autodl-tmp/CervicalCancerV2/research-lab/experiments/registered-workflow/extensions/jiim_2026_major_revision/formal_splits_v0.6/mura/split_07.csv --dataset-index /root/autodl-tmp/CervicalCancerV2/research-lab/experiments/registered-workflow/extensions/jiim_2026_major_revision/candidate_indices/final_objective_v0.6/mura_dataset_index.csv --run-id jiim_ext_mura_split_07_seed_52_densenet121_A --training-seed 52 --output-dir /root/autodl-tmp/CervicalCancerV2/research-lab/experiments/registered-workflow/extensions/jiim_2026_major_revision/runs/jiim_ext_mura_split_07_seed_52_densenet121_A --manifest /root/autodl-tmp/CervicalCancerV2/research-lab/experiments/registered-workflow/extensions/jiim_2026_major_revision/run_manifests/jiim_extension_300_v0.6.csv
[112/135] VERIFIED_NEW jiim_ext_mura_split_07_seed_52_densenet121_A
[113/135] START gpu=1 jiim_ext_mura_split_07_seed_42_efficientnet_b0_A
/root/jiim-env/bin/python /root/autodl-tmp/CervicalCancerV2/research-lab/experiments/registered-workflow/extensions/jiim_2026_major_revision/train_extension_run.py --dataset mura --model efficientnet_b0 --variant shared --split-file /root/autodl-tmp/CervicalCancerV2/research-lab/experiments/registered-workflow/extensions/jiim_2026_major_revision/formal_splits_v0.6/mura/split_07.csv --dataset-index /root/autodl-tmp/CervicalCancerV2/research-lab/experiments/registered-workflow/extensions/jiim_2026_major_revision/candidate_indices/final_objective_v0.6/mura_dataset_index.csv --run-id jiim_ext_mura_split_07_seed_42_efficientnet_b0_A --training-seed 42 --output-dir /root/autodl-tmp/CervicalCancerV2/research-lab/experiments/registered-workflow/extensions/jiim_2026_major_revision/runs/jiim_ext_mura_split_07_seed_42_efficientnet_b0_A --manifest /root/autodl-tmp/CervicalCancerV2/research-lab/experiments/registered-workflow/extensions/jiim_2026_major_revision/run_manifests/jiim_extension_300_v0.6.csv
[113/135] VERIFIED_NEW jiim_ext_mura_split_07_seed_42_efficientnet_b0_A
[114/135] START gpu=1 jiim_ext_mura_split_07_seed_62_efficientnet_b0_A
/root/jiim-env/bin/python /root/autodl-tmp/CervicalCancerV2/research-lab/experiments/registered-workflow/extensions/jiim_2026_major_revision/train_extension_run.py --dataset mura --model efficientnet_b0 --variant shared --split-file /root/autodl-tmp/CervicalCancerV2/research-lab/experiments/registered-workflow/extensions/jiim_2026_major_revision/formal_splits_v0.6/mura/split_07.csv --dataset-index /root/autodl-tmp/CervicalCancerV2/research-lab/experiments/registered-workflow/extensions/jiim_2026_major_revision/candidate_indices/final_objective_v0.6/mura_dataset_index.csv --run-id jiim_ext_mura_split_07_seed_62_efficientnet_b0_A --training-seed 62 --output-dir /root/autodl-tmp/CervicalCancerV2/research-lab/experiments/registered-workflow/extensions/jiim_2026_major_revision/runs/jiim_ext_mura_split_07_seed_62_efficientnet_b0_A --manifest /root/autodl-tmp/CervicalCancerV2/research-lab/experiments/registered-workflow/extensions/jiim_2026_major_revision/run_manifests/jiim_extension_300_v0.6.csv
[114/135] VERIFIED_NEW jiim_ext_mura_split_07_seed_62_efficientnet_b0_A
[115/135] START gpu=1 jiim_ext_mura_split_07_seed_52_resnet18_A
/root/jiim-env/bin/python /root/autodl-tmp/CervicalCancerV2/research-lab/experiments/registered-workflow/extensions/jiim_2026_major_revision/train_extension_run.py --dataset mura --model resnet18 --variant shared --split-file /root/autodl-tmp/CervicalCancerV2/research-lab/experiments/registered-workflow/extensions/jiim_2026_major_revision/formal_splits_v0.6/mura/split_07.csv --dataset-index /root/autodl-tmp/CervicalCancerV2/research-lab/experiments/registered-workflow/extensions/jiim_2026_major_revision/candidate_indices/final_objective_v0.6/mura_dataset_index.csv --run-id jiim_ext_mura_split_07_seed_52_resnet18_A --training-seed 52 --output-dir /root/autodl-tmp/CervicalCancerV2/research-lab/experiments/registered-workflow/extensions/jiim_2026_major_revision/runs/jiim_ext_mura_split_07_seed_52_resnet18_A --manifest /root/autodl-tmp/CervicalCancerV2/research-lab/experiments/registered-workflow/extensions/jiim_2026_major_revision/run_manifests/jiim_extension_300_v0.6.csv
[115/135] VERIFIED_NEW jiim_ext_mura_split_07_seed_52_resnet18_A
[116/135] START gpu=1 jiim_ext_mura_split_07_seed_42_resnet50_A
/root/jiim-env/bin/python /root/autodl-tmp/CervicalCancerV2/research-lab/experiments/registered-workflow/extensions/jiim_2026_major_revision/train_extension_run.py --dataset mura --model resnet50 --variant shared --split-file /root/autodl-tmp/CervicalCancerV2/research-lab/experiments/registered-workflow/extensions/jiim_2026_major_revision/formal_splits_v0.6/mura/split_07.csv --dataset-index /root/autodl-tmp/CervicalCancerV2/research-lab/experiments/registered-workflow/extensions/jiim_2026_major_revision/candidate_indices/final_objective_v0.6/mura_dataset_index.csv --run-id jiim_ext_mura_split_07_seed_42_resnet50_A --training-seed 42 --output-dir /root/autodl-tmp/CervicalCancerV2/research-lab/experiments/registered-workflow/extensions/jiim_2026_major_revision/runs/jiim_ext_mura_split_07_seed_42_resnet50_A --manifest /root/autodl-tmp/CervicalCancerV2/research-lab/experiments/registered-workflow/extensions/jiim_2026_major_revision/run_manifests/jiim_extension_300_v0.6.csv
[116/135] VERIFIED_NEW jiim_ext_mura_split_07_seed_42_resnet50_A
[117/135] START gpu=1 jiim_ext_mura_split_07_seed_62_resnet50_A
/root/jiim-env/bin/python /root/autodl-tmp/CervicalCancerV2/research-lab/experiments/registered-workflow/extensions/jiim_2026_major_revision/train_extension_run.py --dataset mura --model resnet50 --variant shared --split-file /root/autodl-tmp/CervicalCancerV2/research-lab/experiments/registered-workflow/extensions/jiim_2026_major_revision/formal_splits_v0.6/mura/split_07.csv --dataset-index /root/autodl-tmp/CervicalCancerV2/research-lab/experiments/registered-workflow/extensions/jiim_2026_major_revision/candidate_indices/final_objective_v0.6/mura_dataset_index.csv --run-id jiim_ext_mura_split_07_seed_62_resnet50_A --training-seed 62 --output-dir /root/autodl-tmp/CervicalCancerV2/research-lab/experiments/registered-workflow/extensions/jiim_2026_major_revision/runs/jiim_ext_mura_split_07_seed_62_resnet50_A --manifest /root/autodl-tmp/CervicalCancerV2/research-lab/experiments/registered-workflow/extensions/jiim_2026_major_revision/run_manifests/jiim_extension_300_v0.6.csv
[117/135] VERIFIED_NEW jiim_ext_mura_split_07_seed_62_resnet50_A
[118/135] START gpu=1 jiim_ext_mura_split_08_seed_52_densenet121_A
/root/jiim-env/bin/python /root/autodl-tmp/CervicalCancerV2/research-lab/experiments/registered-workflow/extensions/jiim_2026_major_revision/train_extension_run.py --dataset mura --model densenet121 --variant shared --split-file /root/autodl-tmp/CervicalCancerV2/research-lab/experiments/registered-workflow/extensions/jiim_2026_major_revision/formal_splits_v0.6/mura/split_08.csv --dataset-index /root/autodl-tmp/CervicalCancerV2/research-lab/experiments/registered-workflow/extensions/jiim_2026_major_revision/candidate_indices/final_objective_v0.6/mura_dataset_index.csv --run-id jiim_ext_mura_split_08_seed_52_densenet121_A --training-seed 52 --output-dir /root/autodl-tmp/CervicalCancerV2/research-lab/experiments/registered-workflow/extensions/jiim_2026_major_revision/runs/jiim_ext_mura_split_08_seed_52_densenet121_A --manifest /root/autodl-tmp/CervicalCancerV2/research-lab/experiments/registered-workflow/extensions/jiim_2026_major_revision/run_manifests/jiim_extension_300_v0.6.csv
[118/135] VERIFIED_NEW jiim_ext_mura_split_08_seed_52_densenet121_A
[119/135] START gpu=1 jiim_ext_mura_split_08_seed_42_efficientnet_b0_A
/root/jiim-env/bin/python /root/autodl-tmp/CervicalCancerV2/research-lab/experiments/registered-workflow/extensions/jiim_2026_major_revision/train_extension_run.py --dataset mura --model efficientnet_b0 --variant shared --split-file /root/autodl-tmp/CervicalCancerV2/research-lab/experiments/registered-workflow/extensions/jiim_2026_major_revision/formal_splits_v0.6/mura/split_08.csv --dataset-index /root/autodl-tmp/CervicalCancerV2/research-lab/experiments/registered-workflow/extensions/jiim_2026_major_revision/candidate_indices/final_objective_v0.6/mura_dataset_index.csv --run-id jiim_ext_mura_split_08_seed_42_efficientnet_b0_A --training-seed 42 --output-dir /root/autodl-tmp/CervicalCancerV2/research-lab/experiments/registered-workflow/extensions/jiim_2026_major_revision/runs/jiim_ext_mura_split_08_seed_42_efficientnet_b0_A --manifest /root/autodl-tmp/CervicalCancerV2/research-lab/experiments/registered-workflow/extensions/jiim_2026_major_revision/run_manifests/jiim_extension_300_v0.6.csv
[119/135] VERIFIED_NEW jiim_ext_mura_split_08_seed_42_efficientnet_b0_A
[120/135] START gpu=1 jiim_ext_mura_split_08_seed_62_efficientnet_b0_A
/root/jiim-env/bin/python /root/autodl-tmp/CervicalCancerV2/research-lab/experiments/registered-workflow/extensions/jiim_2026_major_revision/train_extension_run.py --dataset mura --model efficientnet_b0 --variant shared --split-file /root/autodl-tmp/CervicalCancerV2/research-lab/experiments/registered-workflow/extensions/jiim_2026_major_revision/formal_splits_v0.6/mura/split_08.csv --dataset-index /root/autodl-tmp/CervicalCancerV2/research-lab/experiments/registered-workflow/extensions/jiim_2026_major_revision/candidate_indices/final_objective_v0.6/mura_dataset_index.csv --run-id jiim_ext_mura_split_08_seed_62_efficientnet_b0_A --training-seed 62 --output-dir /root/autodl-tmp/CervicalCancerV2/research-lab/experiments/registered-workflow/extensions/jiim_2026_major_revision/runs/jiim_ext_mura_split_08_seed_62_efficientnet_b0_A --manifest /root/autodl-tmp/CervicalCancerV2/research-lab/experiments/registered-workflow/extensions/jiim_2026_major_revision/run_manifests/jiim_extension_300_v0.6.csv
[120/135] VERIFIED_NEW jiim_ext_mura_split_08_seed_62_efficientnet_b0_A
[121/135] START gpu=1 jiim_ext_mura_split_08_seed_52_resnet18_A
/root/jiim-env/bin/python /root/autodl-tmp/CervicalCancerV2/research-lab/experiments/registered-workflow/extensions/jiim_2026_major_revision/train_extension_run.py --dataset mura --model resnet18 --variant shared --split-file /root/autodl-tmp/CervicalCancerV2/research-lab/experiments/registered-workflow/extensions/jiim_2026_major_revision/formal_splits_v0.6/mura/split_08.csv --dataset-index /root/autodl-tmp/CervicalCancerV2/research-lab/experiments/registered-workflow/extensions/jiim_2026_major_revision/candidate_indices/final_objective_v0.6/mura_dataset_index.csv --run-id jiim_ext_mura_split_08_seed_52_resnet18_A --training-seed 52 --output-dir /root/autodl-tmp/CervicalCancerV2/research-lab/experiments/registered-workflow/extensions/jiim_2026_major_revision/runs/jiim_ext_mura_split_08_seed_52_resnet18_A --manifest /root/autodl-tmp/CervicalCancerV2/research-lab/experiments/registered-workflow/extensions/jiim_2026_major_revision/run_manifests/jiim_extension_300_v0.6.csv
[121/135] VERIFIED_NEW jiim_ext_mura_split_08_seed_52_resnet18_A
[122/135] START gpu=1 jiim_ext_mura_split_08_seed_42_resnet50_A
/root/jiim-env/bin/python /root/autodl-tmp/CervicalCancerV2/research-lab/experiments/registered-workflow/extensions/jiim_2026_major_revision/train_extension_run.py --dataset mura --model resnet50 --variant shared --split-file /root/autodl-tmp/CervicalCancerV2/research-lab/experiments/registered-workflow/extensions/jiim_2026_major_revision/formal_splits_v0.6/mura/split_08.csv --dataset-index /root/autodl-tmp/CervicalCancerV2/research-lab/experiments/registered-workflow/extensions/jiim_2026_major_revision/candidate_indices/final_objective_v0.6/mura_dataset_index.csv --run-id jiim_ext_mura_split_08_seed_42_resnet50_A --training-seed 42 --output-dir /root/autodl-tmp/CervicalCancerV2/research-lab/experiments/registered-workflow/extensions/jiim_2026_major_revision/runs/jiim_ext_mura_split_08_seed_42_resnet50_A --manifest /root/autodl-tmp/CervicalCancerV2/research-lab/experiments/registered-workflow/extensions/jiim_2026_major_revision/run_manifests/jiim_extension_300_v0.6.csv
[122/135] VERIFIED_NEW jiim_ext_mura_split_08_seed_42_resnet50_A
[123/135] START gpu=1 jiim_ext_mura_split_08_seed_62_resnet50_A
/root/jiim-env/bin/python /root/autodl-tmp/CervicalCancerV2/research-lab/experiments/registered-workflow/extensions/jiim_2026_major_revision/train_extension_run.py --dataset mura --model resnet50 --variant shared --split-file /root/autodl-tmp/CervicalCancerV2/research-lab/experiments/registered-workflow/extensions/jiim_2026_major_revision/formal_splits_v0.6/mura/split_08.csv --dataset-index /root/autodl-tmp/CervicalCancerV2/research-lab/experiments/registered-workflow/extensions/jiim_2026_major_revision/candidate_indices/final_objective_v0.6/mura_dataset_index.csv --run-id jiim_ext_mura_split_08_seed_62_resnet50_A --training-seed 62 --output-dir /root/autodl-tmp/CervicalCancerV2/research-lab/experiments/registered-workflow/extensions/jiim_2026_major_revision/runs/jiim_ext_mura_split_08_seed_62_resnet50_A --manifest /root/autodl-tmp/CervicalCancerV2/research-lab/experiments/registered-workflow/extensions/jiim_2026_major_revision/run_manifests/jiim_extension_300_v0.6.csv
[123/135] VERIFIED_NEW jiim_ext_mura_split_08_seed_62_resnet50_A
[124/135] START gpu=1 jiim_ext_mura_split_09_seed_52_densenet121_A
/root/jiim-env/bin/python /root/autodl-tmp/CervicalCancerV2/research-lab/experiments/registered-workflow/extensions/jiim_2026_major_revision/train_extension_run.py --dataset mura --model densenet121 --variant shared --split-file /root/autodl-tmp/CervicalCancerV2/research-lab/experiments/registered-workflow/extensions/jiim_2026_major_revision/formal_splits_v0.6/mura/split_09.csv --dataset-index /root/autodl-tmp/CervicalCancerV2/research-lab/experiments/registered-workflow/extensions/jiim_2026_major_revision/candidate_indices/final_objective_v0.6/mura_dataset_index.csv --run-id jiim_ext_mura_split_09_seed_52_densenet121_A --training-seed 52 --output-dir /root/autodl-tmp/CervicalCancerV2/research-lab/experiments/registered-workflow/extensions/jiim_2026_major_revision/runs/jiim_ext_mura_split_09_seed_52_densenet121_A --manifest /root/autodl-tmp/CervicalCancerV2/research-lab/experiments/registered-workflow/extensions/jiim_2026_major_revision/run_manifests/jiim_extension_300_v0.6.csv
[124/135] VERIFIED_NEW jiim_ext_mura_split_09_seed_52_densenet121_A
[125/135] START gpu=1 jiim_ext_mura_split_09_seed_42_efficientnet_b0_A
/root/jiim-env/bin/python /root/autodl-tmp/CervicalCancerV2/research-lab/experiments/registered-workflow/extensions/jiim_2026_major_revision/train_extension_run.py --dataset mura --model efficientnet_b0 --variant shared --split-file /root/autodl-tmp/CervicalCancerV2/research-lab/experiments/registered-workflow/extensions/jiim_2026_major_revision/formal_splits_v0.6/mura/split_09.csv --dataset-index /root/autodl-tmp/CervicalCancerV2/research-lab/experiments/registered-workflow/extensions/jiim_2026_major_revision/candidate_indices/final_objective_v0.6/mura_dataset_index.csv --run-id jiim_ext_mura_split_09_seed_42_efficientnet_b0_A --training-seed 42 --output-dir /root/autodl-tmp/CervicalCancerV2/research-lab/experiments/registered-workflow/extensions/jiim_2026_major_revision/runs/jiim_ext_mura_split_09_seed_42_efficientnet_b0_A --manifest /root/autodl-tmp/CervicalCancerV2/research-lab/experiments/registered-workflow/extensions/jiim_2026_major_revision/run_manifests/jiim_extension_300_v0.6.csv
[125/135] VERIFIED_NEW jiim_ext_mura_split_09_seed_42_efficientnet_b0_A
[126/135] START gpu=1 jiim_ext_mura_split_09_seed_62_efficientnet_b0_A
/root/jiim-env/bin/python /root/autodl-tmp/CervicalCancerV2/research-lab/experiments/registered-workflow/extensions/jiim_2026_major_revision/train_extension_run.py --dataset mura --model efficientnet_b0 --variant shared --split-file /root/autodl-tmp/CervicalCancerV2/research-lab/experiments/registered-workflow/extensions/jiim_2026_major_revision/formal_splits_v0.6/mura/split_09.csv --dataset-index /root/autodl-tmp/CervicalCancerV2/research-lab/experiments/registered-workflow/extensions/jiim_2026_major_revision/candidate_indices/final_objective_v0.6/mura_dataset_index.csv --run-id jiim_ext_mura_split_09_seed_62_efficientnet_b0_A --training-seed 62 --output-dir /root/autodl-tmp/CervicalCancerV2/research-lab/experiments/registered-workflow/extensions/jiim_2026_major_revision/runs/jiim_ext_mura_split_09_seed_62_efficientnet_b0_A --manifest /root/autodl-tmp/CervicalCancerV2/research-lab/experiments/registered-workflow/extensions/jiim_2026_major_revision/run_manifests/jiim_extension_300_v0.6.csv
[126/135] VERIFIED_NEW jiim_ext_mura_split_09_seed_62_efficientnet_b0_A
[127/135] START gpu=1 jiim_ext_mura_split_09_seed_52_resnet18_A
/root/jiim-env/bin/python /root/autodl-tmp/CervicalCancerV2/research-lab/experiments/registered-workflow/extensions/jiim_2026_major_revision/train_extension_run.py --dataset mura --model resnet18 --variant shared --split-file /root/autodl-tmp/CervicalCancerV2/research-lab/experiments/registered-workflow/extensions/jiim_2026_major_revision/formal_splits_v0.6/mura/split_09.csv --dataset-index /root/autodl-tmp/CervicalCancerV2/research-lab/experiments/registered-workflow/extensions/jiim_2026_major_revision/candidate_indices/final_objective_v0.6/mura_dataset_index.csv --run-id jiim_ext_mura_split_09_seed_52_resnet18_A --training-seed 52 --output-dir /root/autodl-tmp/CervicalCancerV2/research-lab/experiments/registered-workflow/extensions/jiim_2026_major_revision/runs/jiim_ext_mura_split_09_seed_52_resnet18_A --manifest /root/autodl-tmp/CervicalCancerV2/research-lab/experiments/registered-workflow/extensions/jiim_2026_major_revision/run_manifests/jiim_extension_300_v0.6.csv
[127/135] VERIFIED_NEW jiim_ext_mura_split_09_seed_52_resnet18_A
[128/135] START gpu=1 jiim_ext_mura_split_09_seed_42_resnet50_A
/root/jiim-env/bin/python /root/autodl-tmp/CervicalCancerV2/research-lab/experiments/registered-workflow/extensions/jiim_2026_major_revision/train_extension_run.py --dataset mura --model resnet50 --variant shared --split-file /root/autodl-tmp/CervicalCancerV2/research-lab/experiments/registered-workflow/extensions/jiim_2026_major_revision/formal_splits_v0.6/mura/split_09.csv --dataset-index /root/autodl-tmp/CervicalCancerV2/research-lab/experiments/registered-workflow/extensions/jiim_2026_major_revision/candidate_indices/final_objective_v0.6/mura_dataset_index.csv --run-id jiim_ext_mura_split_09_seed_42_resnet50_A --training-seed 42 --output-dir /root/autodl-tmp/CervicalCancerV2/research-lab/experiments/registered-workflow/extensions/jiim_2026_major_revision/runs/jiim_ext_mura_split_09_seed_42_resnet50_A --manifest /root/autodl-tmp/CervicalCancerV2/research-lab/experiments/registered-workflow/extensions/jiim_2026_major_revision/run_manifests/jiim_extension_300_v0.6.csv
[128/135] VERIFIED_NEW jiim_ext_mura_split_09_seed_42_resnet50_A
[129/135] START gpu=1 jiim_ext_mura_split_09_seed_62_resnet50_A
/root/jiim-env/bin/python /root/autodl-tmp/CervicalCancerV2/research-lab/experiments/registered-workflow/extensions/jiim_2026_major_revision/train_extension_run.py --dataset mura --model resnet50 --variant shared --split-file /root/autodl-tmp/CervicalCancerV2/research-lab/experiments/registered-workflow/extensions/jiim_2026_major_revision/formal_splits_v0.6/mura/split_09.csv --dataset-index /root/autodl-tmp/CervicalCancerV2/research-lab/experiments/registered-workflow/extensions/jiim_2026_major_revision/candidate_indices/final_objective_v0.6/mura_dataset_index.csv --run-id jiim_ext_mura_split_09_seed_62_resnet50_A --training-seed 62 --output-dir /root/autodl-tmp/CervicalCancerV2/research-lab/experiments/registered-workflow/extensions/jiim_2026_major_revision/runs/jiim_ext_mura_split_09_seed_62_resnet50_A --manifest /root/autodl-tmp/CervicalCancerV2/research-lab/experiments/registered-workflow/extensions/jiim_2026_major_revision/run_manifests/jiim_extension_300_v0.6.csv
[129/135] VERIFIED_NEW jiim_ext_mura_split_09_seed_62_resnet50_A
[130/135] START gpu=1 jiim_ext_mura_split_10_seed_52_densenet121_A
/root/jiim-env/bin/python /root/autodl-tmp/CervicalCancerV2/research-lab/experiments/registered-workflow/extensions/jiim_2026_major_revision/train_extension_run.py --dataset mura --model densenet121 --variant shared --split-file /root/autodl-tmp/CervicalCancerV2/research-lab/experiments/registered-workflow/extensions/jiim_2026_major_revision/formal_splits_v0.6/mura/split_10.csv --dataset-index /root/autodl-tmp/CervicalCancerV2/research-lab/experiments/registered-workflow/extensions/jiim_2026_major_revision/candidate_indices/final_objective_v0.6/mura_dataset_index.csv --run-id jiim_ext_mura_split_10_seed_52_densenet121_A --training-seed 52 --output-dir /root/autodl-tmp/CervicalCancerV2/research-lab/experiments/registered-workflow/extensions/jiim_2026_major_revision/runs/jiim_ext_mura_split_10_seed_52_densenet121_A --manifest /root/autodl-tmp/CervicalCancerV2/research-lab/experiments/registered-workflow/extensions/jiim_2026_major_revision/run_manifests/jiim_extension_300_v0.6.csv
[130/135] VERIFIED_NEW jiim_ext_mura_split_10_seed_52_densenet121_A
[131/135] START gpu=1 jiim_ext_mura_split_10_seed_42_efficientnet_b0_A
/root/jiim-env/bin/python /root/autodl-tmp/CervicalCancerV2/research-lab/experiments/registered-workflow/extensions/jiim_2026_major_revision/train_extension_run.py --dataset mura --model efficientnet_b0 --variant shared --split-file /root/autodl-tmp/CervicalCancerV2/research-lab/experiments/registered-workflow/extensions/jiim_2026_major_revision/formal_splits_v0.6/mura/split_10.csv --dataset-index /root/autodl-tmp/CervicalCancerV2/research-lab/experiments/registered-workflow/extensions/jiim_2026_major_revision/candidate_indices/final_objective_v0.6/mura_dataset_index.csv --run-id jiim_ext_mura_split_10_seed_42_efficientnet_b0_A --training-seed 42 --output-dir /root/autodl-tmp/CervicalCancerV2/research-lab/experiments/registered-workflow/extensions/jiim_2026_major_revision/runs/jiim_ext_mura_split_10_seed_42_efficientnet_b0_A --manifest /root/autodl-tmp/CervicalCancerV2/research-lab/experiments/registered-workflow/extensions/jiim_2026_major_revision/run_manifests/jiim_extension_300_v0.6.csv
[131/135] VERIFIED_NEW jiim_ext_mura_split_10_seed_42_efficientnet_b0_A
[132/135] START gpu=1 jiim_ext_mura_split_10_seed_62_efficientnet_b0_A
/root/jiim-env/bin/python /root/autodl-tmp/CervicalCancerV2/research-lab/experiments/registered-workflow/extensions/jiim_2026_major_revision/train_extension_run.py --dataset mura --model efficientnet_b0 --variant shared --split-file /root/autodl-tmp/CervicalCancerV2/research-lab/experiments/registered-workflow/extensions/jiim_2026_major_revision/formal_splits_v0.6/mura/split_10.csv --dataset-index /root/autodl-tmp/CervicalCancerV2/research-lab/experiments/registered-workflow/extensions/jiim_2026_major_revision/candidate_indices/final_objective_v0.6/mura_dataset_index.csv --run-id jiim_ext_mura_split_10_seed_62_efficientnet_b0_A --training-seed 62 --output-dir /root/autodl-tmp/CervicalCancerV2/research-lab/experiments/registered-workflow/extensions/jiim_2026_major_revision/runs/jiim_ext_mura_split_10_seed_62_efficientnet_b0_A --manifest /root/autodl-tmp/CervicalCancerV2/research-lab/experiments/registered-workflow/extensions/jiim_2026_major_revision/run_manifests/jiim_extension_300_v0.6.csv
[132/135] VERIFIED_NEW jiim_ext_mura_split_10_seed_62_efficientnet_b0_A
[133/135] START gpu=1 jiim_ext_mura_split_10_seed_52_resnet18_A
/root/jiim-env/bin/python /root/autodl-tmp/CervicalCancerV2/research-lab/experiments/registered-workflow/extensions/jiim_2026_major_revision/train_extension_run.py --dataset mura --model resnet18 --variant shared --split-file /root/autodl-tmp/CervicalCancerV2/research-lab/experiments/registered-workflow/extensions/jiim_2026_major_revision/formal_splits_v0.6/mura/split_10.csv --dataset-index /root/autodl-tmp/CervicalCancerV2/research-lab/experiments/registered-workflow/extensions/jiim_2026_major_revision/candidate_indices/final_objective_v0.6/mura_dataset_index.csv --run-id jiim_ext_mura_split_10_seed_52_resnet18_A --training-seed 52 --output-dir /root/autodl-tmp/CervicalCancerV2/research-lab/experiments/registered-workflow/extensions/jiim_2026_major_revision/runs/jiim_ext_mura_split_10_seed_52_resnet18_A --manifest /root/autodl-tmp/CervicalCancerV2/research-lab/experiments/registered-workflow/extensions/jiim_2026_major_revision/run_manifests/jiim_extension_300_v0.6.csv
[133/135] VERIFIED_NEW jiim_ext_mura_split_10_seed_52_resnet18_A
[134/135] START gpu=1 jiim_ext_mura_split_10_seed_42_resnet50_A
/root/jiim-env/bin/python /root/autodl-tmp/CervicalCancerV2/research-lab/experiments/registered-workflow/extensions/jiim_2026_major_revision/train_extension_run.py --dataset mura --model resnet50 --variant shared --split-file /root/autodl-tmp/CervicalCancerV2/research-lab/experiments/registered-workflow/extensions/jiim_2026_major_revision/formal_splits_v0.6/mura/split_10.csv --dataset-index /root/autodl-tmp/CervicalCancerV2/research-lab/experiments/registered-workflow/extensions/jiim_2026_major_revision/candidate_indices/final_objective_v0.6/mura_dataset_index.csv --run-id jiim_ext_mura_split_10_seed_42_resnet50_A --training-seed 42 --output-dir /root/autodl-tmp/CervicalCancerV2/research-lab/experiments/registered-workflow/extensions/jiim_2026_major_revision/runs/jiim_ext_mura_split_10_seed_42_resnet50_A --manifest /root/autodl-tmp/CervicalCancerV2/research-lab/experiments/registered-workflow/extensions/jiim_2026_major_revision/run_manifests/jiim_extension_300_v0.6.csv
[134/135] VERIFIED_NEW jiim_ext_mura_split_10_seed_42_resnet50_A
[135/135] START gpu=1 jiim_ext_mura_split_10_seed_62_resnet50_A
/root/jiim-env/bin/python /root/autodl-tmp/CervicalCancerV2/research-lab/experiments/registered-workflow/extensions/jiim_2026_major_revision/train_extension_run.py --dataset mura --model resnet50 --variant shared --split-file /root/autodl-tmp/CervicalCancerV2/research-lab/experiments/registered-workflow/extensions/jiim_2026_major_revision/formal_splits_v0.6/mura/split_10.csv --dataset-index /root/autodl-tmp/CervicalCancerV2/research-lab/experiments/registered-workflow/extensions/jiim_2026_major_revision/candidate_indices/final_objective_v0.6/mura_dataset_index.csv --run-id jiim_ext_mura_split_10_seed_62_resnet50_A --training-seed 62 --output-dir /root/autodl-tmp/CervicalCancerV2/research-lab/experiments/registered-workflow/extensions/jiim_2026_major_revision/runs/jiim_ext_mura_split_10_seed_62_resnet50_A --manifest /root/autodl-tmp/CervicalCancerV2/research-lab/experiments/registered-workflow/extensions/jiim_2026_major_revision/run_manifests/jiim_extension_300_v0.6.csv
[135/135] VERIFIED_NEW jiim_ext_mura_split_10_seed_62_resnet50_A
